Archive member included to satisfy reference by file (symbol)

C:/NXP/MCUXpressoIDE_11.10.0_3148/ide/plugins/com.nxp.mcuxpresso.tools.win32_11.10.0.202311280810/tools/bin/../lib/gcc/arm-none-eabi/13.2.1/../../../../arm-none-eabi/lib/thumb/v8-m.main/nofp\libcr_nohost_nf.a(_cr__main.o)
                              ./startup/startup_mcxa153.o (__main)
C:/NXP/MCUXpressoIDE_11.10.0_3148/ide/plugins/com.nxp.mcuxpresso.tools.win32_11.10.0.202311280810/tools/bin/../lib/gcc/arm-none-eabi/13.2.1/../../../../arm-none-eabi/lib/thumb/v8-m.main/nofp\libcr_c.a(memset.o)
                              ./drivers/fsl_ctimer.o (memset)
C:/NXP/MCUXpressoIDE_11.10.0_3148/ide/plugins/com.nxp.mcuxpresso.tools.win32_11.10.0.202311280810/tools/bin/../lib/gcc/arm-none-eabi/13.2.1/../../../../arm-none-eabi/lib/thumb/v8-m.main/nofp\libcr_c.a(alloc.o)
                              ./drivers/fsl_common.o (malloc)
C:/NXP/MCUXpressoIDE_11.10.0_3148/ide/plugins/com.nxp.mcuxpresso.tools.win32_11.10.0.202311280810/tools/bin/../lib/gcc/arm-none-eabi/13.2.1/../../../../arm-none-eabi/lib/thumb/v8-m.main/nofp\libcr_c.a(errno.o)
                              ./utilities/fsl_str.o (errno)
C:/NXP/MCUXpressoIDE_11.10.0_3148/ide/plugins/com.nxp.mcuxpresso.tools.win32_11.10.0.202311280810/tools/bin/../lib/gcc/arm-none-eabi/13.2.1/../../../../arm-none-eabi/lib/thumb/v8-m.main/nofp\libcr_c.a(initio.o)
                              C:/NXP/MCUXpressoIDE_11.10.0_3148/ide/plugins/com.nxp.mcuxpresso.tools.win32_11.10.0.202311280810/tools/bin/../lib/gcc/arm-none-eabi/13.2.1/../../../../arm-none-eabi/lib/thumb/v8-m.main/nofp\libcr_nohost_nf.a(_cr__main.o) (_initio)
C:/NXP/MCUXpressoIDE_11.10.0_3148/ide/plugins/com.nxp.mcuxpresso.tools.win32_11.10.0.202311280810/tools/bin/../lib/gcc/arm-none-eabi/13.2.1/../../../../arm-none-eabi/lib/thumb/v8-m.main/nofp\libcr_c.a(scanf.o)
                              ./utilities/fsl_str.o (strtoul)
C:/NXP/MCUXpressoIDE_11.10.0_3148/ide/plugins/com.nxp.mcuxpresso.tools.win32_11.10.0.202311280810/tools/bin/../lib/gcc/arm-none-eabi/13.2.1/../../../../arm-none-eabi/lib/thumb/v8-m.main/nofp\libcr_c.a(setvbuf.o)
                              C:/NXP/MCUXpressoIDE_11.10.0_3148/ide/plugins/com.nxp.mcuxpresso.tools.win32_11.10.0.202311280810/tools/bin/../lib/gcc/arm-none-eabi/13.2.1/../../../../arm-none-eabi/lib/thumb/v8-m.main/nofp\libcr_c.a(initio.o) (setvbuf)
C:/NXP/MCUXpressoIDE_11.10.0_3148/ide/plugins/com.nxp.mcuxpresso.tools.win32_11.10.0.202311280810/tools/bin/../lib/gcc/arm-none-eabi/13.2.1/../../../../arm-none-eabi/lib/thumb/v8-m.main/nofp\libcr_c.a(strlen.o)
                              ./utilities/fsl_debug_console.o (strlen)
C:/NXP/MCUXpressoIDE_11.10.0_3148/ide/plugins/com.nxp.mcuxpresso.tools.win32_11.10.0.202311280810/tools/bin/../lib/gcc/arm-none-eabi/13.2.1/../../../../arm-none-eabi/lib/thumb/v8-m.main/nofp\libcr_c.a(ungetc.o)
                              C:/NXP/MCUXpressoIDE_11.10.0_3148/ide/plugins/com.nxp.mcuxpresso.tools.win32_11.10.0.202311280810/tools/bin/../lib/gcc/arm-none-eabi/13.2.1/../../../../arm-none-eabi/lib/thumb/v8-m.main/nofp\libcr_c.a(scanf.o) (ungetc)
C:/NXP/MCUXpressoIDE_11.10.0_3148/ide/plugins/com.nxp.mcuxpresso.tools.win32_11.10.0.202311280810/tools/bin/../lib/gcc/arm-none-eabi/13.2.1/../../../../arm-none-eabi/lib/thumb/v8-m.main/nofp\libcr_c.a(__fillbuf.o)
                              C:/NXP/MCUXpressoIDE_11.10.0_3148/ide/plugins/com.nxp.mcuxpresso.tools.win32_11.10.0.202311280810/tools/bin/../lib/gcc/arm-none-eabi/13.2.1/../../../../arm-none-eabi/lib/thumb/v8-m.main/nofp\libcr_c.a(scanf.o) (__filbuf)
C:/NXP/MCUXpressoIDE_11.10.0_3148/ide/plugins/com.nxp.mcuxpresso.tools.win32_11.10.0.202311280810/tools/bin/../lib/gcc/arm-none-eabi/13.2.1/../../../../arm-none-eabi/lib/thumb/v8-m.main/nofp\libcr_c.a(__init_alloc.o)
                              C:/NXP/MCUXpressoIDE_11.10.0_3148/ide/plugins/com.nxp.mcuxpresso.tools.win32_11.10.0.202311280810/tools/bin/../lib/gcc/arm-none-eabi/13.2.1/../../../../arm-none-eabi/lib/thumb/v8-m.main/nofp\libcr_c.a(alloc.o) (__heaps)
C:/NXP/MCUXpressoIDE_11.10.0_3148/ide/plugins/com.nxp.mcuxpresso.tools.win32_11.10.0.202311280810/tools/bin/../lib/gcc/arm-none-eabi/13.2.1/../../../../arm-none-eabi/lib/thumb/v8-m.main/nofp\libcr_c.a(_cr_sbrk.o)
                              C:/NXP/MCUXpressoIDE_11.10.0_3148/ide/plugins/com.nxp.mcuxpresso.tools.win32_11.10.0.202311280810/tools/bin/../lib/gcc/arm-none-eabi/13.2.1/../../../../arm-none-eabi/lib/thumb/v8-m.main/nofp\libcr_c.a(alloc.o) (_sbrk)
C:/NXP/MCUXpressoIDE_11.10.0_3148/ide/plugins/com.nxp.mcuxpresso.tools.win32_11.10.0.202311280810/tools/bin/../lib/gcc/arm-none-eabi/13.2.1/../../../../arm-none-eabi/lib/thumb/v8-m.main/nofp\libcr_c.a(_deferredlazyseek.o)
                              C:/NXP/MCUXpressoIDE_11.10.0_3148/ide/plugins/com.nxp.mcuxpresso.tools.win32_11.10.0.202311280810/tools/bin/../lib/gcc/arm-none-eabi/13.2.1/../../../../arm-none-eabi/lib/thumb/v8-m.main/nofp\libcr_c.a(__fillbuf.o) (_deferredlazyseek)
[...]
Memory Configuration

Name             Origin             Length             Attributes
PROGRAM_FLASH    0x00000000         0x00020000         xr
SRAM             0x20000000         0x00006000         xrw
SRAMX0           0x04000000         0x00002000         xrw
SRAMX1           0x04002000         0x00001000         xrw
*default*        0x00000000         0xffffffff

Linker script and memory map

LOAD ./utilities/fsl_assert.o
LOAD ./utilities/fsl_debug_console.o
LOAD ./utilities/fsl_memcpy.o
LOAD ./utilities/fsl_str.o
LOAD ./startup/startup_mcxa153.o
LOAD ./source/semihost_hardfault.o
LOAD ./source/simple_pwm.o
LOAD ./drivers/fsl_clock.o
LOAD ./drivers/fsl_common.o
LOAD ./drivers/fsl_common_arm.o
LOAD ./drivers/fsl_ctimer.o
LOAD ./drivers/fsl_gpio.o
LOAD ./drivers/fsl_inputmux.o
LOAD ./drivers/fsl_lpuart.o
LOAD ./drivers/fsl_reset.o
LOAD ./drivers/fsl_spc.o
LOAD ./device/system_MCXA153.o
LOAD ./component/uart/fsl_adapter_lpuart.o
LOAD ./component/lists/fsl_component_generic_list.o
LOAD ./board/board.o
LOAD ./board/clock_config.o
LOAD ./board/pin_mux.o
START GROUP
LOAD C:/NXP/MCUXpressoIDE_11.10.0_3148/ide/plugins/com.nxp.mcuxpresso.tools.win32_11.10.0.202311280810/tools/bin/../lib/gcc/arm-none-eabi/13.2.1/../../../../arm-none-eabi/lib/thumb/v8-m.main/nofp\libcr_nohost_nf.a
LOAD C:/NXP/MCUXpressoIDE_11.10.0_3148/ide/plugins/com.nxp.mcuxpresso.tools.win32_11.10.0.202311280810/tools/bin/../lib/gcc/arm-none-eabi/13.2.1/../../../../arm-none-eabi/lib/thumb/v8-m.main/nofp\libcr_c.a
LOAD C:/NXP/MCUXpressoIDE_11.10.0_3148/ide/plugins/com.nxp.mcuxpresso.tools.win32_11.10.0.202311280810/tools/bin/../lib/gcc/arm-none-eabi/13.2.1/thumb/v8-m.main/nofp\libcr_eabihelpers.a
LOAD C:/NXP/MCUXpressoIDE_11.10.0_3148/ide/plugins/com.nxp.mcuxpresso.tools.win32_11.10.0.202311280810/tools/bin/../lib/gcc/arm-none-eabi/13.2.1/thumb/v8-m.main/nofp\libgcc.a
END GROUP
                0x00000000                        __base_PROGRAM_FLASH = 0x0
                0x00000000                        __base_Flash = 0x0
                0x00020000                        __top_PROGRAM_FLASH = 0x20000
                0x00020000                        __top_Flash = 0x20000
                0x20000000                        __base_SRAM = 0x20000000
                0x20000000                        __base_RAM = 0x20000000
                0x20006000                        __top_SRAM = 0x20006000
                0x20006000                        __top_RAM = 0x20006000
                0x04000000                        __base_SRAMX0 = 0x4000000
                0x04000000                        __base_RAM2 = 0x4000000
                0x04002000                        __top_SRAMX0 = 0x4002000
                0x04002000                        __top_RAM2 = 0x4002000
                0x04002000                        __base_SRAMX1 = 0x4002000
                0x04002000                        __base_RAM3 = 0x4002000
                0x04003000                        __top_SRAMX1 = 0x4003000
                0x04003000                        __top_RAM3 = 0x4003000

.text           0x00000000     0x3728
 FILL mask 0xff
                0x00000000                        __vectors_start__ = ABSOLUTE (.)
 *(SORT_BY_ALIGNMENT(.isr_vector))
 .isr_vector    0x00000000      0x16c ./startup/startup_mcxa153.o
                0x00000000                g_pfnVectors
                0x00000000                __Vectors
                0x0000016c                        . = ALIGN (0x4)
                0x0000016c                        __section_table_start = .
                0x0000016c                        __data_section_table = .
                0x0000016c        0x4 LONG 0x3728 LOADADDR (.data)
                0x00000170        0x4 LONG 0x20000000 ADDR (.data)
                0x00000174        0x4 LONG 0x8 SIZEOF (.data)
                0x00000178        0x4 LONG 0x3728 LOADADDR (.data_RAM2)
                0x0000017c        0x4 LONG 0x4000000 ADDR (.data_RAM2)
                0x00000180        0x4 LONG 0x0 SIZEOF (.data_RAM2)
                0x00000184        0x4 LONG 0x3728 LOADADDR (.data_RAM3)
                0x00000188        0x4 LONG 0x4002000 ADDR (.data_RAM3)
                0x0000018c        0x4 LONG 0x0 SIZEOF (.data_RAM3)
                0x00000190                        __data_section_table_end = .
                0x00000190                        __bss_section_table = .
                0x00000190        0x4 LONG 0x20000008 ADDR (.bss)
                0x00000194        0x4 LONG 0xfc SIZEOF (.bss)
                0x00000198        0x4 LONG 0x4000000 ADDR (.bss_RAM2)
                0x0000019c        0x4 LONG 0x0 SIZEOF (.bss_RAM2)
                0x000001a0        0x4 LONG 0x4002000 ADDR (.bss_RAM3)
                0x000001a4        0x4 LONG 0x0 SIZEOF (.bss_RAM3)
                0x000001a8                        __bss_section_table_end = .
                0x000001a8                        __section_table_end = .
 *(SORT_BY_ALIGNMENT(.after_vectors*))
 .after_vectors.reset
                0x000001a8       0x68 ./startup/startup_mcxa153.o
                0x000001a8                ResetISR
 .after_vectors.init_data
                0x00000210       0x1c ./startup/startup_mcxa153.o
                0x00000210                data_init
 .after_vectors.init_bss
                0x0000022c       0x12 ./startup/startup_mcxa153.o
                0x0000022c                bss_init
 .after_vectors
                0x0000023e       0x16 ./startup/startup_mcxa153.o
                0x0000023e                NMI_Handler
                0x00000242                MemManage_Handler
                0x00000244                BusFault_Handler
                0x00000246                UsageFault_Handler
                0x00000248                SecureFault_Handler
                0x0000024a                SVC_Handler
                0x0000024c                DebugMon_Handler
                0x0000024e                PendSV_Handler
                0x00000250                SysTick_Handler
                0x00000252                LPTMR0_DriverIRQHandler
                0x00000252                FLEXPWM0_SUBMODULE1_DriverIRQHandler
                0x00000252                MBC0_DriverIRQHandler
                0x00000252                WAKETIMER0_DriverIRQHandler
                0x00000252                I3C0_DriverIRQHandler
                0x00000252                LPI2C0_DriverIRQHandler
                0x00000252                FLEXPWM0_RELOAD_ERROR_DriverIRQHandler
                0x00000252                QDC0_HOME_DriverIRQHandler
                0x00000252                Reserved82_DriverIRQHandler
                0x00000252                QDC0_WATCHDOG_DriverIRQHandler
                0x00000252                ERM0_MULTI_BIT_DriverIRQHandler
                0x00000252                Reserved36_DriverIRQHandler
                0x00000252                Reserved33_DriverIRQHandler
                0x00000252                CMP1_DriverIRQHandler
                0x00000252                IntDefaultHandler
                0x00000252                USB0_DriverIRQHandler
                0x00000252                QDC0_INDEX_DriverIRQHandler
                0x00000252                UTICK0_DriverIRQHandler
                0x00000252                Reserved39_DriverIRQHandler
                0x00000252                FLEXPWM0_SUBMODULE2_DriverIRQHandler
                0x00000252                WWDT0_DriverIRQHandler
                0x00000252                Reserved84_DriverIRQHandler
                0x00000252                FLEXPWM0_FAULT_DriverIRQHandler
                0x00000252                GPIO0_DriverIRQHandler
                0x00000252                Reserved38_DriverIRQHandler
                0x00000252                FREQME0_DriverIRQHandler
                0x00000252                Reserved22_DriverIRQHandler
                0x00000252                Reserved53_DriverIRQHandler
                0x00000252                Reserved35_DriverIRQHandler
                0x00000252                Reserved79_DriverIRQHandler
                0x00000252                Reserved24_DriverIRQHandler
                0x00000252                QDC0_COMPARE_DriverIRQHandler
                0x00000252                WUU0_DriverIRQHandler
                0x00000252                LPSPI0_DriverIRQHandler
                0x00000252                DMA_CH3_DriverIRQHandler
                0x00000252                Reserved83_DriverIRQHandler
                0x00000252                Reserved72_DriverIRQHandler
                0x00000252                Reserved23_DriverIRQHandler
                0x00000252                Reserved65_DriverIRQHandler
                0x00000252                ERM0_SINGLE_BIT_DriverIRQHandler
                0x00000252                DMA_CH2_DriverIRQHandler
                0x00000252                CMC_DriverIRQHandler
                0x00000252                Reserved51_DriverIRQHandler
                0x00000252                Reserved25_DriverIRQHandler
                0x00000252                Reserved41_DriverIRQHandler
                0x00000252                FMU0_DriverIRQHandler
                0x00000252                LPSPI1_DriverIRQHandler
                0x00000252                Reserved77_DriverIRQHandler
                0x00000252                Reserved16_DriverIRQHandler
                0x00000252                GPIO2_DriverIRQHandler
                0x00000252                Reserved85_DriverIRQHandler
                0x00000252                ADC0_DriverIRQHandler
                0x00000252                CMP0_DriverIRQHandler
                0x00000252                CDOG0_DriverIRQHandler
                0x00000252                Reserved59_DriverIRQHandler
                0x00000252                DMA_CH0_DriverIRQHandler
                0x00000252                Reserved58_DriverIRQHandler
                0x00000252                DMA_CH1_DriverIRQHandler
                0x00000252                SPC0_DriverIRQHandler
                0x00000252                GLIKEY0_DriverIRQHandler
                0x00000252                Reserved43_DriverIRQHandler
                0x00000252                Reserved46_DriverIRQHandler
                0x00000252                Reserved37_DriverIRQHandler
                0x00000252                Reserved86_DriverIRQHandler
                0x00000252                GPIO1_DriverIRQHandler
                0x00000252                FLEXPWM0_SUBMODULE0_DriverIRQHandler
                0x00000252                Reserved50_DriverIRQHandler
                0x00000252                OS_EVENT_DriverIRQHandler
                0x00000252                SCG0_DriverIRQHandler
                0x00000252                GPIO3_DriverIRQHandler
 *(SORT_BY_ALIGNMENT(.text*))
 .text.__assertion_failed
                0x00000254       0x2c ./utilities/fsl_assert.o
                0x00000254                __assertion_failed
 .text.DbgConsole_Init
                0x00000280       0x88 ./utilities/fsl_debug_console.o
                0x00000280                DbgConsole_Init
 .text.DbgConsole_Vprintf
                0x00000308       0x3c ./utilities/fsl_debug_console.o
                0x00000308                DbgConsole_Vprintf
 .text.DbgConsole_Putchar
                0x00000344       0x30 ./utilities/fsl_debug_console.o
                0x00000344                DbgConsole_Putchar
 .text.DbgConsole_PrintfFormattedData
                0x00000374      0x3e0 ./utilities/fsl_debug_console.o
 .text          0x00000754       0xa0 ./utilities/fsl_memcpy.o
                0x00000754                memcpy
 .text.CLOCK_EnableClock
                0x000007f4       0x88 ./source/simple_pwm.o
 .text.CTIMER_GetPwmPeriodValue
                0x0000087c       0x50 ./source/simple_pwm.o
                0x0000087c                CTIMER_GetPwmPeriodValue
 .text.main     0x000008cc       0xe4 ./source/simple_pwm.o
                0x000008cc                main
 .text.CLOCK_SetClockSelect
                0x000009b0       0x94 ./drivers/fsl_clock.o
                0x000009b0                CLOCK_SetClockSelect
 .text.CLOCK_SetClockDiv
                0x00000a44       0x7c ./drivers/fsl_clock.o
                0x00000a44                CLOCK_SetClockDiv
 .text.CLOCK_SetupFROHFClocking
                0x00000ac0       0xf4 ./drivers/fsl_clock.o
                0x00000ac0                CLOCK_SetupFROHFClocking
 .text.CLOCK_SetupFRO12MClocking
                0x00000bb4       0x54 ./drivers/fsl_clock.o
                0x00000bb4                CLOCK_SetupFRO12MClocking
 .text.CLOCK_GetFro12MFreq
                0x00000c08       0x28 ./drivers/fsl_clock.o
 .text.CLOCK_GetClk1MFreq
                0x00000c30       0x14 ./drivers/fsl_clock.o
 .text.CLOCK_GetFroHfFreq
                0x00000c44       0xc0 ./drivers/fsl_clock.o
 .text.CLOCK_GetClk16KFreq
                0x00000d04       0x44 ./drivers/fsl_clock.o
 .text.CLOCK_GetExtClkFreq
                0x00000d48       0x2c ./drivers/fsl_clock.o
 .text.CLOCK_GetMainClk
                0x00000d74       0x68 ./drivers/fsl_clock.o
                0x00000d74                CLOCK_GetMainClk
 .text.CLOCK_GetCoreSysClkFreq
                0x00000ddc       0x20 ./drivers/fsl_clock.o
                0x00000ddc                CLOCK_GetCoreSysClkFreq
 .text.CLOCK_GetCTimerClkFreq
                0x00000dfc       0xd0 ./drivers/fsl_clock.o
                0x00000dfc                CLOCK_GetCTimerClkFreq
 .text.SDK_DelayAtLeastUs
                0x00000ecc       0x8c ./drivers/fsl_common_arm.o
                0x00000ecc                SDK_DelayAtLeastUs
 .text.__NVIC_EnableIRQ
                0x00000f58       0x38 ./drivers/fsl_ctimer.o
 .text.CLOCK_EnableClock
                0x00000f90       0x88 ./drivers/fsl_ctimer.o
 .text.CTIMER_GetInstance
                0x00001018       0x54 ./drivers/fsl_ctimer.o
 .text.CTIMER_Init
                0x0000106c       0x74 ./drivers/fsl_ctimer.o
                0x0000106c                CTIMER_Init
 .text.CTIMER_GetDefaultConfig
                0x000010e0       0x3c ./drivers/fsl_ctimer.o
                0x000010e0                CTIMER_GetDefaultConfig
 .text.CTIMER_SetupPwmPeriod
                0x0000111c       0xd8 ./drivers/fsl_ctimer.o
                0x0000111c                CTIMER_SetupPwmPeriod
 .text.CTIMER_GenericIRQHandler
                0x000011f4       0xb4 ./drivers/fsl_ctimer.o
 .text.CLOCK_EnableClock
                0x000012a8       0x88 ./drivers/fsl_lpuart.o
 .text.LPUART_GetInstance
                0x00001330       0x4c ./drivers/fsl_lpuart.o
                0x00001330                LPUART_GetInstance
 .text.LPUART_Init
                0x0000137c      0x324 ./drivers/fsl_lpuart.o
                0x0000137c                LPUART_Init
 .text.LPUART_GetDefaultConfig
                0x000016a0       0x88 ./drivers/fsl_lpuart.o
                0x000016a0                LPUART_GetDefaultConfig
 .text.LPUART_GetStatusFlags
                0x00001728       0x38 ./drivers/fsl_lpuart.o
                0x00001728                LPUART_GetStatusFlags
 .text.LPUART_ClearStatusFlags
                0x00001760       0x7c ./drivers/fsl_lpuart.o
                0x00001760                LPUART_ClearStatusFlags
 .text.LPUART_WriteBlocking
                0x000017dc       0x68 ./drivers/fsl_lpuart.o
                0x000017dc                LPUART_WriteBlocking
 .text.LPUART_ReadBlocking
                0x00001844      0x160 ./drivers/fsl_lpuart.o
                0x00001844                LPUART_ReadBlocking
 .text.LPUART0_DriverIRQHandler
                0x000019a4       0x24 ./drivers/fsl_lpuart.o
                0x000019a4                LPUART0_DriverIRQHandler
 .text.LPUART1_DriverIRQHandler
                0x000019c8       0x24 ./drivers/fsl_lpuart.o
                0x000019c8                LPUART1_DriverIRQHandler
 .text.LPUART2_DriverIRQHandler
                0x000019ec       0x24 ./drivers/fsl_lpuart.o
                0x000019ec                LPUART2_DriverIRQHandler
 .text.RESET_SetPeripheralReset
                0x00001a10       0xb4 ./drivers/fsl_reset.o
                0x00001a10                RESET_SetPeripheralReset
 .text.RESET_ClearPeripheralReset
                0x00001ac4       0x98 ./drivers/fsl_reset.o
                0x00001ac4                RESET_ClearPeripheralReset
 .text.SPC_SetSRAMOperateVoltage
                0x00001b5c       0x64 ./drivers/fsl_spc.o
                0x00001b5c                SPC_SetSRAMOperateVoltage
 .text.SPC_SetActiveModeCoreLDORegulatorConfig
                0x00001bc0       0x94 ./drivers/fsl_spc.o
                0x00001bc0                SPC_SetActiveModeCoreLDORegulatorConfig
 .text.SystemInit
                0x00001c54      0x10c ./device/system_MCXA153.o
                0x00001c54                SystemInit
 .text.HAL_UartInitCommon
                0x00001d60       0xe0 ./component/uart/fsl_adapter_lpuart.o
 .text.HAL_UartInit
                0x00001e40       0x84 ./component/uart/fsl_adapter_lpuart.o
                0x00001e40                HAL_UartInit
 .text.HAL_UartReceiveBlocking
                0x00001ec4       0x6c ./component/uart/fsl_adapter_lpuart.o
                0x00001ec4                HAL_UartReceiveBlocking
 .text.HAL_UartSendBlocking
                0x00001f30       0x64 ./component/uart/fsl_adapter_lpuart.o
                0x00001f30                HAL_UartSendBlocking
 .text.BOARD_InitDebugConsole
                0x00001f94       0x30 ./board/board.o
                0x00001f94                BOARD_InitDebugConsole
 .text.CLOCK_EnableClock
                0x00001fc4       0x88 ./board/clock_config.o
 .text.BOARD_BootClockFRO96M
                0x0000204c      0x16c ./board/clock_config.o
                0x0000204c                BOARD_BootClockFRO96M
 .text.CLOCK_EnableClock
                0x000021b8       0x88 ./board/pin_mux.o
 .text.PORT_SetPinConfig
                0x00002240       0x38 ./board/pin_mux.o
 .text.BOARD_InitPins
                0x00002278       0xb8 ./board/pin_mux.o
                0x00002278                BOARD_InitPins
 .text._initio  0x00002330       0x78 C:/NXP/MCUXpressoIDE_11.10.0_3148/ide/plugins/com.nxp.mcuxpresso.tools.win32_11.10.0.202311280810/tools/bin/../lib/gcc/arm-none-eabi/13.2.1/../../../../arm-none-eabi/lib/thumb/v8-m.main/nofp\libcr_c.a(initio.o)
                0x00002330                _initio
 .text._Cwritebuf
                0x000023a8       0x6c C:/NXP/MCUXpressoIDE_11.10.0_3148/ide/plugins/com.nxp.mcuxpresso.tools.win32_11.10.0.202311280810/tools/bin/../lib/gcc/arm-none-eabi/13.2.1/../../../../arm-none-eabi/lib/thumb/v8-m.main/nofp\libcr_c.a(_writebuf.o)
                0x000023a8                _Cwritebuf
 .text.fflush   0x00002414       0x3c C:/NXP/MCUXpressoIDE_11.10.0_3148/ide/plugins/com.nxp.mcuxpresso.tools.win32_11.10.0.202311280810/tools/bin/../lib/gcc/arm-none-eabi/13.2.1/../../../../arm-none-eabi/lib/thumb/v8-m.main/nofp\libcr_c.a(fflush.o)
                0x00002414                fflush
 .text.fseek    0x00002450       0xf8 C:/NXP/MCUXpressoIDE_11.10.0_3148/ide/plugins/com.nxp.mcuxpresso.tools.win32_11.10.0.202311280810/tools/bin/../lib/gcc/arm-none-eabi/13.2.1/../../../../arm-none-eabi/lib/thumb/v8-m.main/nofp\libcr_c.a(fseek.o)
                0x00002450                fseek
 .text.ftell    0x00002548       0x44 C:/NXP/MCUXpressoIDE_11.10.0_3148/ide/plugins/com.nxp.mcuxpresso.tools.win32_11.10.0.202311280810/tools/bin/../lib/gcc/arm-none-eabi/13.2.1/../../../../arm-none-eabi/lib/thumb/v8-m.main/nofp\libcr_c.a(ftell.o)
                0x00002548                ftell
 .text.fsl_assert_hook
                0x0000258c       0x18 ./utilities/fsl_assert.o
                0x0000258c                fsl_assert_hook
 .text.DbgConsole_Printf
                0x000025a4       0x2c ./utilities/fsl_debug_console.o
                0x000025a4                DbgConsole_Printf
 .text.DbgConsole_PrintfPaddingCharacter
                0x000025d0       0x40 ./utilities/fsl_debug_console.o
 .text.DbgConsole_ConvertRadixNumToString
                0x00002610       0xc0 ./utilities/fsl_debug_console.o
 .text.Reserved16_IRQHandler
                0x000026d0        0x8 ./startup/startup_mcxa153.o
                0x000026d0                Reserved16_IRQHandler
 .text.CMC_IRQHandler
                0x000026d8        0x8 ./startup/startup_mcxa153.o
                0x000026d8                CMC_IRQHandler
 .text.DMA_CH0_IRQHandler
                0x000026e0        0x8 ./startup/startup_mcxa153.o
                0x000026e0                DMA_CH0_IRQHandler
 .text.DMA_CH1_IRQHandler
                0x000026e8        0x8 ./startup/startup_mcxa153.o
                0x000026e8                DMA_CH1_IRQHandler
 .text.DMA_CH2_IRQHandler
                0x000026f0        0x8 ./startup/startup_mcxa153.o
                0x000026f0                DMA_CH2_IRQHandler
 .text.DMA_CH3_IRQHandler
                0x000026f8        0x8 ./startup/startup_mcxa153.o
                0x000026f8                DMA_CH3_IRQHandler
 .text.Reserved22_IRQHandler
                0x00002700        0x8 ./startup/startup_mcxa153.o
                0x00002700                Reserved22_IRQHandler
 .text.Reserved23_IRQHandler
                0x00002708        0x8 ./startup/startup_mcxa153.o
                0x00002708                Reserved23_IRQHandler
 .text.Reserved24_IRQHandler
                0x00002710        0x8 ./startup/startup_mcxa153.o
                0x00002710                Reserved24_IRQHandler
 .text.Reserved25_IRQHandler
                0x00002718        0x8 ./startup/startup_mcxa153.o
                0x00002718                Reserved25_IRQHandler
 .text.ERM0_SINGLE_BIT_IRQHandler
                0x00002720        0x8 ./startup/startup_mcxa153.o
                0x00002720                ERM0_SINGLE_BIT_IRQHandler
 .text.ERM0_MULTI_BIT_IRQHandler
                0x00002728        0x8 ./startup/startup_mcxa153.o
                0x00002728                ERM0_MULTI_BIT_IRQHandler
 .text.FMU0_IRQHandler
                0x00002730        0x8 ./startup/startup_mcxa153.o
                0x00002730                FMU0_IRQHandler
 .text.GLIKEY0_IRQHandler
                0x00002738        0x8 ./startup/startup_mcxa153.o
                0x00002738                GLIKEY0_IRQHandler
 .text.MBC0_IRQHandler
                0x00002740        0x8 ./startup/startup_mcxa153.o
                0x00002740                MBC0_IRQHandler
 .text.SCG0_IRQHandler
                0x00002748        0x8 ./startup/startup_mcxa153.o
                0x00002748                SCG0_IRQHandler
 .text.SPC0_IRQHandler
                0x00002750        0x8 ./startup/startup_mcxa153.o
                0x00002750                SPC0_IRQHandler
 .text.Reserved33_IRQHandler
                0x00002758        0x8 ./startup/startup_mcxa153.o
                0x00002758                Reserved33_IRQHandler
 .text.WUU0_IRQHandler
                0x00002760        0x8 ./startup/startup_mcxa153.o
                0x00002760                WUU0_IRQHandler
 .text.Reserved35_IRQHandler
                0x00002768        0x8 ./startup/startup_mcxa153.o
                0x00002768                Reserved35_IRQHandler
 .text.Reserved36_IRQHandler
                0x00002770        0x8 ./startup/startup_mcxa153.o
                0x00002770                Reserved36_IRQHandler
 .text.Reserved37_IRQHandler
                0x00002778        0x8 ./startup/startup_mcxa153.o
                0x00002778                Reserved37_IRQHandler
 .text.Reserved38_IRQHandler
                0x00002780        0x8 ./startup/startup_mcxa153.o
                0x00002780                Reserved38_IRQHandler
 .text.Reserved39_IRQHandler
                0x00002788        0x8 ./startup/startup_mcxa153.o
                0x00002788                Reserved39_IRQHandler
 .text.I3C0_IRQHandler
                0x00002790        0x8 ./startup/startup_mcxa153.o
                0x00002790                I3C0_IRQHandler
 .text.Reserved41_IRQHandler
                0x00002798        0x8 ./startup/startup_mcxa153.o
                0x00002798                Reserved41_IRQHandler
 .text.LPI2C0_IRQHandler
                0x000027a0        0x8 ./startup/startup_mcxa153.o
                0x000027a0                LPI2C0_IRQHandler
 .text.Reserved43_IRQHandler
                0x000027a8        0x8 ./startup/startup_mcxa153.o
                0x000027a8                Reserved43_IRQHandler
 .text.LPSPI0_IRQHandler
                0x000027b0        0x8 ./startup/startup_mcxa153.o
                0x000027b0                LPSPI0_IRQHandler
 .text.LPSPI1_IRQHandler
                0x000027b8        0x8 ./startup/startup_mcxa153.o
                0x000027b8                LPSPI1_IRQHandler
 .text.Reserved46_IRQHandler
                0x000027c0        0x8 ./startup/startup_mcxa153.o
                0x000027c0                Reserved46_IRQHandler
 .text.LPUART0_IRQHandler
                0x000027c8        0x8 ./startup/startup_mcxa153.o
                0x000027c8                LPUART0_IRQHandler
 .text.LPUART1_IRQHandler
                0x000027d0        0x8 ./startup/startup_mcxa153.o
                0x000027d0                LPUART1_IRQHandler
 .text.LPUART2_IRQHandler
                0x000027d8        0x8 ./startup/startup_mcxa153.o
                0x000027d8                LPUART2_IRQHandler
 .text.Reserved50_IRQHandler
                0x000027e0        0x8 ./startup/startup_mcxa153.o
                0x000027e0                Reserved50_IRQHandler
 .text.Reserved51_IRQHandler
                0x000027e8        0x8 ./startup/startup_mcxa153.o
                0x000027e8                Reserved51_IRQHandler
 .text.USB0_IRQHandler
                0x000027f0        0x8 ./startup/startup_mcxa153.o
                0x000027f0                USB0_IRQHandler
 .text.Reserved53_IRQHandler
                0x000027f8        0x8 ./startup/startup_mcxa153.o
                0x000027f8                Reserved53_IRQHandler
 .text.CDOG0_IRQHandler
                0x00002800        0x8 ./startup/startup_mcxa153.o
                0x00002800                CDOG0_IRQHandler
 .text.CTIMER0_IRQHandler
                0x00002808        0x8 ./startup/startup_mcxa153.o
                0x00002808                CTIMER0_IRQHandler
 .text.CTIMER1_IRQHandler
                0x00002810        0x8 ./startup/startup_mcxa153.o
                0x00002810                CTIMER1_IRQHandler
 .text.CTIMER2_IRQHandler
                0x00002818        0x8 ./startup/startup_mcxa153.o
                0x00002818                CTIMER2_IRQHandler
 .text.Reserved58_IRQHandler
                0x00002820        0x8 ./startup/startup_mcxa153.o
                0x00002820                Reserved58_IRQHandler
 .text.Reserved59_IRQHandler
                0x00002828        0x8 ./startup/startup_mcxa153.o
                0x00002828                Reserved59_IRQHandler
 .text.FLEXPWM0_RELOAD_ERROR_IRQHandler
                0x00002830        0x8 ./startup/startup_mcxa153.o
                0x00002830                FLEXPWM0_RELOAD_ERROR_IRQHandler
 .text.FLEXPWM0_FAULT_IRQHandler
                0x00002838        0x8 ./startup/startup_mcxa153.o
                0x00002838                FLEXPWM0_FAULT_IRQHandler
 .text.FLEXPWM0_SUBMODULE0_IRQHandler
                0x00002840        0x8 ./startup/startup_mcxa153.o
                0x00002840                FLEXPWM0_SUBMODULE0_IRQHandler
 .text.FLEXPWM0_SUBMODULE1_IRQHandler
                0x00002848        0x8 ./startup/startup_mcxa153.o
                0x00002848                FLEXPWM0_SUBMODULE1_IRQHandler
 .text.FLEXPWM0_SUBMODULE2_IRQHandler
                0x00002850        0x8 ./startup/startup_mcxa153.o
                0x00002850                FLEXPWM0_SUBMODULE2_IRQHandler
 .text.Reserved65_IRQHandler
                0x00002858        0x8 ./startup/startup_mcxa153.o
                0x00002858                Reserved65_IRQHandler
 .text.QDC0_COMPARE_IRQHandler
                0x00002860        0x8 ./startup/startup_mcxa153.o
                0x00002860                QDC0_COMPARE_IRQHandler
 .text.QDC0_HOME_IRQHandler
                0x00002868        0x8 ./startup/startup_mcxa153.o
                0x00002868                QDC0_HOME_IRQHandler
 .text.QDC0_WATCHDOG_IRQHandler
                0x00002870        0x8 ./startup/startup_mcxa153.o
                0x00002870                QDC0_WATCHDOG_IRQHandler
 .text.QDC0_INDEX_IRQHandler
                0x00002878        0x8 ./startup/startup_mcxa153.o
                0x00002878                QDC0_INDEX_IRQHandler
 .text.FREQME0_IRQHandler
                0x00002880        0x8 ./startup/startup_mcxa153.o
                0x00002880                FREQME0_IRQHandler
 .text.LPTMR0_IRQHandler
                0x00002888        0x8 ./startup/startup_mcxa153.o
                0x00002888                LPTMR0_IRQHandler
 .text.Reserved72_IRQHandler
                0x00002890        0x8 ./startup/startup_mcxa153.o
                0x00002890                Reserved72_IRQHandler
 .text.OS_EVENT_IRQHandler
                0x00002898        0x8 ./startup/startup_mcxa153.o
                0x00002898                OS_EVENT_IRQHandler
 .text.WAKETIMER0_IRQHandler
                0x000028a0        0x8 ./startup/startup_mcxa153.o
                0x000028a0                WAKETIMER0_IRQHandler
 .text.UTICK0_IRQHandler
                0x000028a8        0x8 ./startup/startup_mcxa153.o
                0x000028a8                UTICK0_IRQHandler
 .text.WWDT0_IRQHandler
                0x000028b0        0x8 ./startup/startup_mcxa153.o
                0x000028b0                WWDT0_IRQHandler
 .text.Reserved77_IRQHandler
                0x000028b8        0x8 ./startup/startup_mcxa153.o
                0x000028b8                Reserved77_IRQHandler
 .text.ADC0_IRQHandler
                0x000028c0        0x8 ./startup/startup_mcxa153.o
                0x000028c0                ADC0_IRQHandler
 .text.Reserved79_IRQHandler
                0x000028c8        0x8 ./startup/startup_mcxa153.o
                0x000028c8                Reserved79_IRQHandler
 .text.CMP0_IRQHandler
                0x000028d0        0x8 ./startup/startup_mcxa153.o
                0x000028d0                CMP0_IRQHandler
 .text.CMP1_IRQHandler
                0x000028d8        0x8 ./startup/startup_mcxa153.o
                0x000028d8                CMP1_IRQHandler
 .text.Reserved82_IRQHandler
                0x000028e0        0x8 ./startup/startup_mcxa153.o
                0x000028e0                Reserved82_IRQHandler
 .text.Reserved83_IRQHandler
                0x000028e8        0x8 ./startup/startup_mcxa153.o
                0x000028e8                Reserved83_IRQHandler
 .text.Reserved84_IRQHandler
                0x000028f0        0x8 ./startup/startup_mcxa153.o
                0x000028f0                Reserved84_IRQHandler
 .text.Reserved85_IRQHandler
                0x000028f8        0x8 ./startup/startup_mcxa153.o
                0x000028f8                Reserved85_IRQHandler
 .text.Reserved86_IRQHandler
                0x00002900        0x8 ./startup/startup_mcxa153.o
                0x00002900                Reserved86_IRQHandler
 .text.GPIO0_IRQHandler
                0x00002908        0x8 ./startup/startup_mcxa153.o
                0x00002908                GPIO0_IRQHandler
 .text.GPIO1_IRQHandler
                0x00002910        0x8 ./startup/startup_mcxa153.o
                0x00002910                GPIO1_IRQHandler
 .text.GPIO2_IRQHandler
                0x00002918        0x8 ./startup/startup_mcxa153.o
                0x00002918                GPIO2_IRQHandler
 .text.GPIO3_IRQHandler
                0x00002920        0x8 ./startup/startup_mcxa153.o
                0x00002920                GPIO3_IRQHandler
 .text.HardFault_Handler
                0x00002928       0x36 ./source/semihost_hardfault.o
                0x00002928                HardFault_Handler
 .text.CTIMER_StartTimer
                0x0000295e       0x1e ./source/simple_pwm.o
 .text.CLOCK_IsDivHalt
                0x0000297c       0x22 ./drivers/fsl_clock.o
 .text.CLOCK_AttachClk
                0x0000299e       0x30 ./drivers/fsl_clock.o
                0x0000299e                CLOCK_AttachClk
 .text.DelayLoop
                0x000029ce       0x1e ./drivers/fsl_common_arm.o
 .text.EnableIRQ
                0x000029ec       0x32 ./drivers/fsl_ctimer.o
 .text.CTIMER_GetStatusFlags
                0x00002a1e       0x16 ./drivers/fsl_ctimer.o
 .text.CTIMER_ClearStatusFlags
                0x00002a34       0x1a ./drivers/fsl_ctimer.o
 .text.CTIMER0_DriverIRQHandler
                0x00002a4e        0xe ./drivers/fsl_ctimer.o
                0x00002a4e                CTIMER0_DriverIRQHandler
 .text.CTIMER1_DriverIRQHandler
                0x00002a5c        0xe ./drivers/fsl_ctimer.o
                0x00002a5c                CTIMER1_DriverIRQHandler
 .text.CTIMER2_DriverIRQHandler
                0x00002a6a        0xe ./drivers/fsl_ctimer.o
                0x00002a6a                CTIMER2_DriverIRQHandler
 .text.RESET_ReleasePeripheralReset
                0x00002a78       0x1a ./drivers/fsl_lpuart.o
 .text.LPUART_SoftwareReset
                0x00002a92       0x2a ./drivers/fsl_lpuart.o
 .text.RESET_PeripheralReset
                0x00002abc       0x22 ./drivers/fsl_reset.o
                0x00002abc                RESET_PeripheralReset
 .text.SPC_GetActiveModeBandgapMode
                0x00002ade       0x20 ./drivers/fsl_spc.o
 .text.SPC_GetActiveModeVoltageDetectStatus
                0x00002afe       0x20 ./drivers/fsl_spc.o
 .text.SPC_GetActiveModeCoreLDOVDDVoltageLevel
                0x00002b1e       0x20 ./drivers/fsl_spc.o
 .text.SPC_GetActiveModeCoreLDODriveStrength
                0x00002b3e       0x20 ./drivers/fsl_spc.o
 .text.SPC_SetActiveModeCoreLDORegulatorVoltageLevel
                0x00002b5e       0x60 ./drivers/fsl_spc.o
                0x00002b5e                SPC_SetActiveModeCoreLDORegulatorVoltageLevel
 .text.SPC_SetActiveModeCoreLDORegulatorDriveStrength
                0x00002bbe       0x5e ./drivers/fsl_spc.o
                0x00002bbe                SPC_SetActiveModeCoreLDORegulatorDriveStrength
 .text.SystemInitHook
                0x00002c1c        0xc ./device/system_MCXA153.o
                0x00002c1c                SystemInitHook
 .text.HAL_UartGetStatus
                0x00002c28       0x26 ./component/uart/fsl_adapter_lpuart.o
 .text.RESET_ReleasePeripheralReset
                0x00002c4e       0x1a ./board/clock_config.o
 .text.BOARD_InitBootClocks
                0x00002c68        0xc ./board/clock_config.o
                0x00002c68                BOARD_InitBootClocks
 .text.RESET_ReleasePeripheralReset
                0x00002c74       0x1a ./board/pin_mux.o
 .text.__main   0x00002c8e        0xe C:/NXP/MCUXpressoIDE_11.10.0_3148/ide/plugins/com.nxp.mcuxpresso.tools.win32_11.10.0.202311280810/tools/bin/../lib/gcc/arm-none-eabi/13.2.1/../../../../arm-none-eabi/lib/thumb/v8-m.main/nofp\libcr_nohost_nf.a(_cr__main.o)
                0x00002c8e                __main
 .text.memset   0x00002c9c        0x4 C:/NXP/MCUXpressoIDE_11.10.0_3148/ide/plugins/com.nxp.mcuxpresso.tools.win32_11.10.0.202311280810/tools/bin/../lib/gcc/arm-none-eabi/13.2.1/../../../../arm-none-eabi/lib/thumb/v8-m.main/nofp\libcr_c.a(memset.o)
                0x00002c9c                memset
 .text.free     0x00002ca0       0x30 C:/NXP/MCUXpressoIDE_11.10.0_3148/ide/plugins/com.nxp.mcuxpresso.tools.win32_11.10.0.202311280810/tools/bin/../lib/gcc/arm-none-eabi/13.2.1/../../../../arm-none-eabi/lib/thumb/v8-m.main/nofp\libcr_c.a(alloc.o)
                0x00002ca0                free
 .text.setvbuf  0x00002cd0       0x3e C:/NXP/MCUXpressoIDE_11.10.0_3148/ide/plugins/com.nxp.mcuxpresso.tools.win32_11.10.0.202311280810/tools/bin/../lib/gcc/arm-none-eabi/13.2.1/../../../../arm-none-eabi/lib/thumb/v8-m.main/nofp\libcr_c.a(setvbuf.o)
                0x00002cd0                setvbuf
 .text.strlen   0x00002d0e       0x4e C:/NXP/MCUXpressoIDE_11.10.0_3148/ide/plugins/com.nxp.mcuxpresso.tools.win32_11.10.0.202311280810/tools/bin/../lib/gcc/arm-none-eabi/13.2.1/../../../../arm-none-eabi/lib/thumb/v8-m.main/nofp\libcr_c.a(strlen.o)
                0x00002d0e                strlen
 .text._deferredlazyseek
                0x00002d5c       0x40 C:/NXP/MCUXpressoIDE_11.10.0_3148/ide/plugins/com.nxp.mcuxpresso.tools.win32_11.10.0.202311280810/tools/bin/../lib/gcc/arm-none-eabi/13.2.1/../../../../arm-none-eabi/lib/thumb/v8-m.main/nofp\libcr_c.a(_deferredlazyseek.o)
                0x00002d5c                _deferredlazyseek
 .text._fdopen  0x00002d9c       0x68 C:/NXP/MCUXpressoIDE_11.10.0_3148/ide/plugins/com.nxp.mcuxpresso.tools.win32_11.10.0.202311280810/tools/bin/../lib/gcc/arm-none-eabi/13.2.1/../../../../arm-none-eabi/lib/thumb/v8-m.main/nofp\libcr_c.a(_fdopen.o)
                0x00002d9c                _fdopen
 .text._fflush  0x00002e04       0x52 C:/NXP/MCUXpressoIDE_11.10.0_3148/ide/plugins/com.nxp.mcuxpresso.tools.win32_11.10.0.202311280810/tools/bin/../lib/gcc/arm-none-eabi/13.2.1/../../../../arm-none-eabi/lib/thumb/v8-m.main/nofp\libcr_c.a(_fflush.o)
                0x00002e04                _fflush
 .text.fclose   0x00002e56       0x58 C:/NXP/MCUXpressoIDE_11.10.0_3148/ide/plugins/com.nxp.mcuxpresso.tools.win32_11.10.0.202311280810/tools/bin/../lib/gcc/arm-none-eabi/13.2.1/../../../../arm-none-eabi/lib/thumb/v8-m.main/nofp\libcr_c.a(fclose.o)
                0x00002e56                fclose
 .text.remove   0x00002eae       0x14 C:/NXP/MCUXpressoIDE_11.10.0_3148/ide/plugins/com.nxp.mcuxpresso.tools.win32_11.10.0.202311280810/tools/bin/../lib/gcc/arm-none-eabi/13.2.1/../../../../arm-none-eabi/lib/thumb/v8-m.main/nofp\libcr_c.a(remove.o)
                0x00002eae                remove
 .text._do_fflush
                0x00002ec2       0x40 C:/NXP/MCUXpressoIDE_11.10.0_3148/ide/plugins/com.nxp.mcuxpresso.tools.win32_11.10.0.202311280810/tools/bin/../lib/gcc/arm-none-eabi/13.2.1/../../../../arm-none-eabi/lib/thumb/v8-m.main/nofp\libcr_c.a(_do_fflush.o)
                0x00002ec2                _do_fflush
 .text.__aeabi_division_uldivmod
                0x00002f02      0x174 C:/NXP/MCUXpressoIDE_11.10.0_3148/ide/plugins/com.nxp.mcuxpresso.tools.win32_11.10.0.202311280810/tools/bin/../lib/gcc/arm-none-eabi/13.2.1/thumb/v8-m.main/nofp\libcr_eabihelpers.a(division_64.o)
                0x00002f02                __aeabi_uldivmod
                0x00002f06                __bhs_ldivmod1
 .text.__aeabi_division_idiv0
                0x00003076        0x2 C:/NXP/MCUXpressoIDE_11.10.0_3148/ide/plugins/com.nxp.mcuxpresso.tools.win32_11.10.0.202311280810/tools/bin/../lib/gcc/arm-none-eabi/13.2.1/thumb/v8-m.main/nofp\libcr_eabihelpers.a(division_idiv0.o)
                0x00003076                __aeabi_idiv0
 .text.__aeabi_memset_lowlevel
                0x00003078       0x32 C:/NXP/MCUXpressoIDE_11.10.0_3148/ide/plugins/com.nxp.mcuxpresso.tools.win32_11.10.0.202311280810/tools/bin/../lib/gcc/arm-none-eabi/13.2.1/thumb/v8-m.main/nofp\libcr_eabihelpers.a(memcpy.o)
                0x00003078                __aeabi_lowlevel_memset
 .text.__sys_close
                0x000030aa        0x6 C:/NXP/MCUXpressoIDE_11.10.0_3148/ide/plugins/com.nxp.mcuxpresso.tools.win32_11.10.0.202311280810/tools/bin/../lib/gcc/arm-none-eabi/13.2.1/../../../../arm-none-eabi/lib/thumb/v8-m.main/nofp\libcr_nohost_nf.a(__sys_close.o)
                0x000030aa                __sys_close
 .text.__sys_flen
                0x000030b0        0x6 C:/NXP/MCUXpressoIDE_11.10.0_3148/ide/plugins/com.nxp.mcuxpresso.tools.win32_11.10.0.202311280810/tools/bin/../lib/gcc/arm-none-eabi/13.2.1/../../../../arm-none-eabi/lib/thumb/v8-m.main/nofp\libcr_nohost_nf.a(__sys_flen.o)
                0x000030b0                __sys_flen
 .text.__sys_istty
                0x000030b6        0x6 C:/NXP/MCUXpressoIDE_11.10.0_3148/ide/plugins/com.nxp.mcuxpresso.tools.win32_11.10.0.202311280810/tools/bin/../lib/gcc/arm-none-eabi/13.2.1/../../../../arm-none-eabi/lib/thumb/v8-m.main/nofp\libcr_nohost_nf.a(__sys_istty.o)
                0x000030b6                __sys_istty
 .text.__sys_remove
                0x000030bc        0x6 C:/NXP/MCUXpressoIDE_11.10.0_3148/ide/plugins/com.nxp.mcuxpresso.tools.win32_11.10.0.202311280810/tools/bin/../lib/gcc/arm-none-eabi/13.2.1/../../../../arm-none-eabi/lib/thumb/v8-m.main/nofp\libcr_nohost_nf.a(__sys_remove.o)
                0x000030bc                __sys_remove
 .text.__sys_seek
                0x000030c2        0x6 C:/NXP/MCUXpressoIDE_11.10.0_3148/ide/plugins/com.nxp.mcuxpresso.tools.win32_11.10.0.202311280810/tools/bin/../lib/gcc/arm-none-eabi/13.2.1/../../../../arm-none-eabi/lib/thumb/v8-m.main/nofp\libcr_nohost_nf.a(__sys_seek.o)
                0x000030c2                __sys_seek
 .text.__sys_tmpnam
                0x000030c8        0x6 C:/NXP/MCUXpressoIDE_11.10.0_3148/ide/plugins/com.nxp.mcuxpresso.tools.win32_11.10.0.202311280810/tools/bin/../lib/gcc/arm-none-eabi/13.2.1/../../../../arm-none-eabi/lib/thumb/v8-m.main/nofp\libcr_nohost_nf.a(__sys_tmpnam.o)
                0x000030c8                __sys_tmpnam
 .text.__sys_write
                0x000030ce        0x4 C:/NXP/MCUXpressoIDE_11.10.0_3148/ide/plugins/com.nxp.mcuxpresso.tools.win32_11.10.0.202311280810/tools/bin/../lib/gcc/arm-none-eabi/13.2.1/../../../../arm-none-eabi/lib/thumb/v8-m.main/nofp\libcr_nohost_nf.a(__sys_write.o)
                0x000030ce                __sys_write
 *(SORT_BY_ALIGNMENT(.rodata) SORT_BY_ALIGNMENT(.rodata.*) SORT_BY_ALIGNMENT(.constdata) SORT_BY_ALIGNMENT(.constdata.*))
 *fill*         0x000030d2        0x2 ff
 .rodata.__assertion_failed.str1.4
                0x000030d4      0x5f9 ./utilities/fsl_assert.o
                                 0x14 (size before relaxing)
 .rodata.main.str1.4
                0x000036cd       0x2a ./source/simple_pwm.o
 .rodata.CLOCK_SetClockSelect.str1.4
                0x000036cd       0x2c ./drivers/fsl_clock.o
 .rodata.CLOCK_SetClockDiv.str1.4
                0x000036cd       0x2c ./drivers/fsl_clock.o
 .rodata.SDK_DelayAtLeastUs.str1.4
                0x000036cd       0x2b ./drivers/fsl_common_arm.o
 *fill*         0x000036cd        0x3 ff
 .rodata.s_ctimerBases
                0x000036d0        0xc ./drivers/fsl_ctimer.o
 .rodata.s_ctimerClocks
                0x000036dc        0xc ./drivers/fsl_ctimer.o
 .rodata.s_ctimerResets
                0x000036e8        0x6 ./drivers/fsl_ctimer.o
 *fill*         0x000036ee        0x2 ff
 .rodata.s_ctimerIRQ
                0x000036f0        0x3 ./drivers/fsl_ctimer.o
 .rodata.CTIMER_GetInstance.str1.4
                0x000036f3       0x2e ./drivers/fsl_ctimer.o
 .rodata.CTIMER_Init.str1.4
                0x000036f3       0x22 ./drivers/fsl_ctimer.o
 .rodata.CTIMER_GetDefaultConfig.str1.4
                0x000036f3       0x22 ./drivers/fsl_ctimer.o
 *fill*         0x000036f3        0x1 ff
 .rodata.s_lpuartBases
                0x000036f4        0xc ./drivers/fsl_lpuart.o
 .rodata.s_lpuartClock
                0x00003700        0xc ./drivers/fsl_lpuart.o
 .rodata.s_lpuartResets
                0x0000370c        0x6 ./drivers/fsl_lpuart.o
 .rodata.LPUART_GetInstance.str1.4
                0x00003712       0x38 ./drivers/fsl_lpuart.o
 .rodata.LPUART_Init.str1.4
                0x00003712      0x10a ./drivers/fsl_lpuart.o
 .rodata.LPUART_GetDefaultConfig.str1.4
                0x00003712       0x22 ./drivers/fsl_lpuart.o
 .rodata.LPUART_WriteBlocking.str1.4
                0x00003712       0x21 ./drivers/fsl_lpuart.o
 .rodata.LPUART_ReadBlocking.str1.4
                0x00003712       0x21 ./drivers/fsl_lpuart.o
 .rodata.RESET_SetPeripheralReset.str1.4
                0x00003712       0x3f ./drivers/fsl_reset.o
 .rodata.RESET_ClearPeripheralReset.str1.4
                0x00003712       0x1e ./drivers/fsl_reset.o
 .rodata.SPC_SetSRAMOperateVoltage.str1.4
                0x00003712       0x1f ./drivers/fsl_spc.o
 .rodata.SPC_SetActiveModeCoreLDORegulatorConfig.str1.4
                0x00003712       0x1f ./drivers/fsl_spc.o
 *fill*         0x00003712        0x2 ff
 .rodata.s_LpuartAdapterBase
                0x00003714        0xc ./component/uart/fsl_adapter_lpuart.o
 .rodata.HAL_UartInit.str1.4
                0x00003720      0x116 ./component/uart/fsl_adapter_lpuart.o
 .rodata.HAL_UartReceiveBlocking.str1.4
                0x00003720       0x7b ./component/uart/fsl_adapter_lpuart.o
 .rodata.HAL_UartSendBlocking.str1.4
                0x00003720       0x7b ./component/uart/fsl_adapter_lpuart.o
 .rodata.PORT_SetPinConfig.str1.4
                0x00003720       0x5d ./board/pin_mux.o
 .rodata.__num_Ciob_streams
                0x00003720        0x4 C:/NXP/MCUXpressoIDE_11.10.0_3148/ide/plugins/com.nxp.mcuxpresso.tools.win32_11.10.0.202311280810/tools/bin/../lib/gcc/arm-none-eabi/13.2.1/../../../../arm-none-eabi/lib/thumb/v8-m.main/nofp\libcr_nohost_nf.a(__ciob.o)
                0x00003720                __num_Ciob_streams
 .rodata._initio.str1.1
                0x00003724        0x4 C:/NXP/MCUXpressoIDE_11.10.0_3148/ide/plugins/com.nxp.mcuxpresso.tools.win32_11.10.0.202311280810/tools/bin/../lib/gcc/arm-none-eabi/13.2.1/../../../../arm-none-eabi/lib/thumb/v8-m.main/nofp\libcr_c.a(initio.o)
                0x00003838                        . = ALIGN (0x4)

.glue_7         0x00003728        0x0
 .glue_7        0x00003728        0x0 linker stubs

.glue_7t        0x00003728        0x0
 .glue_7t       0x00003728        0x0 linker stubs

.vfp11_veneer   0x00003728        0x0
 .vfp11_veneer  0x00003728        0x0 linker stubs

.v4_bx          0x00003728        0x0
 .v4_bx         0x00003728        0x0 linker stubs

.iplt           0x00003728        0x0
 .iplt          0x00003728        0x0 ./utilities/fsl_assert.o

.rel.dyn        0x00003728        0x0
 .rel.iplt      0x00003728        0x0 ./utilities/fsl_assert.o

.ARM.extab
 *(SORT_BY_ALIGNMENT(.ARM.extab*) SORT_BY_ALIGNMENT(.gnu.linkonce.armextab.*))

.ARM.exidx      0x00003728        0x0
                0x00003728                        __exidx_start = .
 *(SORT_BY_ALIGNMENT(.ARM.exidx*) SORT_BY_ALIGNMENT(.gnu.linkonce.armexidx.*))
                0x00003728                        __exidx_end = .
                0x00003728                        _etext = .

.data_RAM2      0x04000000        0x0 load address 0x00003728
 FILL mask 0xff
                [!provide]                        PROVIDE (__start_data_RAM2 = .)
                [!provide]                        PROVIDE (__start_data_SRAMX0 = .)
 *(SORT_BY_ALIGNMENT(.ramfunc.$RAM2))
 *(SORT_BY_ALIGNMENT(.ramfunc.$SRAMX0))
 *(SORT_BY_ALIGNMENT(.data.$RAM2))
 *(SORT_BY_ALIGNMENT(.data.$SRAMX0))
 *(SORT_BY_ALIGNMENT(.data.$RAM2.*))
 *(SORT_BY_ALIGNMENT(.data.$SRAMX0.*))
                0x04000000                        . = ALIGN (0x4)
                [!provide]                        PROVIDE (__end_data_RAM2 = .)
                [!provide]                        PROVIDE (__end_data_SRAMX0 = .)

.data_RAM3      0x04002000        0x0 load address 0x00003728
 FILL mask 0xff
                [!provide]                        PROVIDE (__start_data_RAM3 = .)
                [!provide]                        PROVIDE (__start_data_SRAMX1 = .)
 *(SORT_BY_ALIGNMENT(.ramfunc.$RAM3))
 *(SORT_BY_ALIGNMENT(.ramfunc.$SRAMX1))
 *(SORT_BY_ALIGNMENT(.data.$RAM3))
 *(SORT_BY_ALIGNMENT(.data.$SRAMX1))
 *(SORT_BY_ALIGNMENT(.data.$RAM3.*))
 *(SORT_BY_ALIGNMENT(.data.$SRAMX1.*))
                0x04002000                        . = ALIGN (0x4)
                [!provide]                        PROVIDE (__end_data_RAM3 = .)
                [!provide]                        PROVIDE (__end_data_SRAMX1 = .)

.uninit_RESERVED
                0x20000000        0x0
                0x20000000                        _start_uninit_RESERVED = .
 *(SORT_BY_ALIGNMENT(.bss.$RESERVED*))
                0x20000000                        . = ALIGN (0x4)
                0x20000000                        _end_uninit_RESERVED = .

.data           0x20000000        0x8 load address 0x00003728
 FILL mask 0xff
                0x20000000                        _data = .
                [!provide]                        PROVIDE (__start_data_RAM = .)
                [!provide]                        PROVIDE (__start_data_SRAM = .)
 *(SORT_BY_ALIGNMENT(vtable))
 *(SORT_BY_ALIGNMENT(.ramfunc*))
 *(SORT_BY_ALIGNMENT(CodeQuickAccess))
 *(SORT_BY_ALIGNMENT(DataQuickAccess))
 *(SORT_BY_ALIGNMENT(RamFunction))
 *(SORT_BY_ALIGNMENT(.data*))
 .data.s_Ext_Clk_Freq
                0x20000000        0x4 ./drivers/fsl_clock.o
 .data.SystemCoreClock
                0x20000004        0x4 ./device/system_MCXA153.o
                0x20000004                SystemCoreClock
                0x20000008                        . = ALIGN (0x4)
                0x20000008                        _edata = .
                [!provide]                        PROVIDE (__end_data_RAM = .)
                [!provide]                        PROVIDE (__end_data_SRAM = .)

.igot.plt       0x20000008        0x0 load address 0x00003730
 .igot.plt      0x20000008        0x0 ./utilities/fsl_assert.o

.bss_RAM2       0x04000000        0x0
                [!provide]                        PROVIDE (__start_bss_RAM2 = .)
                [!provide]                        PROVIDE (__start_bss_SRAMX0 = .)
 *(SORT_BY_ALIGNMENT(.bss.$RAM2))
 *(SORT_BY_ALIGNMENT(.bss.$SRAMX0))
 *(SORT_BY_ALIGNMENT(.bss.$RAM2.*))
 *(SORT_BY_ALIGNMENT(.bss.$SRAMX0.*))
                0x04000000                        . = ALIGN ((. != 0x0)?0x4:0x1)
                [!provide]                        PROVIDE (__end_bss_RAM2 = .)
                [!provide]                        PROVIDE (__end_bss_SRAMX0 = .)

.bss_RAM3       0x04002000        0x0
                [!provide]                        PROVIDE (__start_bss_RAM3 = .)
                [!provide]                        PROVIDE (__start_bss_SRAMX1 = .)
 *(SORT_BY_ALIGNMENT(.bss.$RAM3))
 *(SORT_BY_ALIGNMENT(.bss.$SRAMX1))
 *(SORT_BY_ALIGNMENT(.bss.$RAM3.*))
 *(SORT_BY_ALIGNMENT(.bss.$SRAMX1.*))
                0x04002000                        . = ALIGN ((. != 0x0)?0x4:0x1)
                [!provide]                        PROVIDE (__end_bss_RAM3 = .)
                [!provide]                        PROVIDE (__end_bss_SRAMX1 = .)

.bss            0x20000008       0xfc
                0x20000008                        _bss = .
                [!provide]                        PROVIDE (__start_bss_RAM = .)
                [!provide]                        PROVIDE (__start_bss_SRAM = .)
 *(SORT_BY_ALIGNMENT(.bss*))
 .bss.s_debugConsole
                0x20000008       0x14 ./utilities/fsl_debug_console.o
 .bss.g_pwmPeriod
                0x2000001c        0x4 ./source/simple_pwm.o
                0x2000001c                g_pwmPeriod
 .bss.g_pulsePeriod
                0x20000020        0x4 ./source/simple_pwm.o
                0x20000020                g_pulsePeriod
 .bss.s_ctimerCallback
                0x20000024        0xc ./drivers/fsl_ctimer.o
 .bss.ctimerCallbackType
                0x20000030        0x3 ./drivers/fsl_ctimer.o
 *fill*         0x20000033        0x1 
 .bss.s_lpuartHandle
                0x20000034        0xc ./drivers/fsl_lpuart.o
                0x20000034                s_lpuartHandle
 .bss.s_lpuartIsr
                0x20000040        0xc ./drivers/fsl_lpuart.o
                0x20000040                s_lpuartIsr
 .bss.errno     0x2000004c        0x4 C:/NXP/MCUXpressoIDE_11.10.0_3148/ide/plugins/com.nxp.mcuxpresso.tools.win32_11.10.0.202311280810/tools/bin/../lib/gcc/arm-none-eabi/13.2.1/../../../../arm-none-eabi/lib/thumb/v8-m.main/nofp\libcr_c.a(errno.o)
                0x2000004c                errno
 .bss.__Ciob    0x20000050       0xb4 C:/NXP/MCUXpressoIDE_11.10.0_3148/ide/plugins/com.nxp.mcuxpresso.tools.win32_11.10.0.202311280810/tools/bin/../lib/gcc/arm-none-eabi/13.2.1/../../../../arm-none-eabi/lib/thumb/v8-m.main/nofp\libcr_nohost_nf.a(__ciob.o)
                0x20000050                __Ciob
 *(SORT_BY_ALIGNMENT(COMMON))
                0x20000104                        . = ALIGN (0x4)
                0x20000104                        _ebss = .
                [!provide]                        PROVIDE (__end_bss_RAM = .)
                [!provide]                        PROVIDE (__end_bss_SRAM = .)
                [!provide]                        PROVIDE (end = .)

.noinit_RAM2    0x04000000        0x0
                [!provide]                        PROVIDE (__start_noinit_RAM2 = .)
                [!provide]                        PROVIDE (__start_noinit_SRAMX0 = .)
 *(SORT_BY_ALIGNMENT(.noinit.$RAM2))
 *(SORT_BY_ALIGNMENT(.noinit.$SRAMX0))
 *(SORT_BY_ALIGNMENT(.noinit.$RAM2.*))
 *(SORT_BY_ALIGNMENT(.noinit.$SRAMX0.*))
                0x04000000                        . = ALIGN (0x4)
                [!provide]                        PROVIDE (__end_noinit_RAM2 = .)
                [!provide]                        PROVIDE (__end_noinit_SRAMX0 = .)

.noinit_RAM3    0x04002000        0x0
                [!provide]                        PROVIDE (__start_noinit_RAM3 = .)
                [!provide]                        PROVIDE (__start_noinit_SRAMX1 = .)
 *(SORT_BY_ALIGNMENT(.noinit.$RAM3))
 *(SORT_BY_ALIGNMENT(.noinit.$SRAMX1))
 *(SORT_BY_ALIGNMENT(.noinit.$RAM3.*))
 *(SORT_BY_ALIGNMENT(.noinit.$SRAMX1.*))
                0x04002000                        . = ALIGN (0x4)
                [!provide]                        PROVIDE (__end_noinit_RAM3 = .)
                [!provide]                        PROVIDE (__end_noinit_SRAMX1 = .)

.noinit         0x20000104        0x0
                0x20000104                        _noinit = .
                [!provide]                        PROVIDE (__start_noinit_RAM = .)
                [!provide]                        PROVIDE (__start_noinit_SRAM = .)
 *(SORT_BY_ALIGNMENT(.noinit*))
                0x20000104                        . = ALIGN (0x4)
                0x20000104                        _end_noinit = .
                [!provide]                        PROVIDE (__end_noinit_RAM = .)
                [!provide]                        PROVIDE (__end_noinit_SRAM = .)
                0x00000600                        _HeapSize = 0x600

.heap           0x20000104      0x600
                0x20000104                        _pvHeapStart = .
                0x20000704                        . = (. + _HeapSize)
 *fill*         0x20000104      0x600 
                0x20000704                        . = ALIGN (0x4)
                0x20000704                        _pvHeapLimit = .
                0x00000600                        _StackSize = 0x600

.heap2stackfill
                0x20000704      0x600
                0x20000d04                        . = (. + _StackSize)
 *fill*         0x20000704      0x600 

.stack          0x20005a00        0x0
                0x20005a00                        _vStackBase = .
                0x20005a00                        . = ALIGN (0x4)
                0x20006000                        _vStackTop = (. + _StackSize)
                0x00000000                        _image_start = LOADADDR (.text)
                0x00003730                        _image_end = (LOADADDR (.data) + SIZEOF (.data))
                0x00003730                        _image_size = (_image_end - _image_start)
OUTPUT(frdmmcxa153_ctimer_pwm_example.axf elf32-littlearm)
LOAD linker stubs

.debug_info     0x00000000    0x1303f
 .debug_info    0x00000000      0x127 ./utilities/fsl_assert.o
 .debug_info    0x00000127      0xd83 ./utilities/fsl_debug_console.o
 .debug_info    0x00000eaa       0x24 ./utilities/fsl_memcpy.o
 .debug_info    0x00000ece      0xb86 ./startup/startup_mcxa153.o
 .debug_info    0x00001a54       0x3c ./source/semihost_hardfault.o
 .debug_info    0x00001a90     0x16c7 ./source/simple_pwm.o
 .debug_info    0x00003157     0x214c ./drivers/fsl_clock.o
 .debug_info    0x000052a3      0x61c ./drivers/fsl_common_arm.o
 .debug_info    0x000058bf     0x1e2e ./drivers/fsl_ctimer.o
 .debug_info    0x000076ed     0x2d15 ./drivers/fsl_lpuart.o
 .debug_info    0x0000a402      0xab1 ./drivers/fsl_reset.o
 .debug_info    0x0000aeb3      0xfd6 ./drivers/fsl_spc.o
 .debug_info    0x0000be89      0xaf0 ./device/system_MCXA153.o
 .debug_info    0x0000c979      0xca0 ./component/uart/fsl_adapter_lpuart.o
 .debug_info    0x0000d619      0x6dc ./board/board.o
 .debug_info    0x0000dcf5     0x1a27 ./board/clock_config.o
 .debug_info    0x0000f71c      0xfd7 ./board/pin_mux.o
 .debug_info    0x000106f3       0x85 C:/NXP/MCUXpressoIDE_11.10.0_3148/ide/plugins/com.nxp.mcuxpresso.tools.win32_11.10.0.202311280810/tools/bin/../lib/gcc/arm-none-eabi/13.2.1/../../../../arm-none-eabi/lib/thumb/v8-m.main/nofp\libcr_nohost_nf.a(_cr__main.o)
 .debug_info    0x00010778       0xfc C:/NXP/MCUXpressoIDE_11.10.0_3148/ide/plugins/com.nxp.mcuxpresso.tools.win32_11.10.0.202311280810/tools/bin/../lib/gcc/arm-none-eabi/13.2.1/../../../../arm-none-eabi/lib/thumb/v8-m.main/nofp\libcr_c.a(memset.o)
 .debug_info    0x00010874      0x520 C:/NXP/MCUXpressoIDE_11.10.0_3148/ide/plugins/com.nxp.mcuxpresso.tools.win32_11.10.0.202311280810/tools/bin/../lib/gcc/arm-none-eabi/13.2.1/../../../../arm-none-eabi/lib/thumb/v8-m.main/nofp\libcr_c.a(alloc.o)
 .debug_info    0x00010d94       0x44 C:/NXP/MCUXpressoIDE_11.10.0_3148/ide/plugins/com.nxp.mcuxpresso.tools.win32_11.10.0.202311280810/tools/bin/../lib/gcc/arm-none-eabi/13.2.1/../../../../arm-none-eabi/lib/thumb/v8-m.main/nofp\libcr_c.a(errno.o)
 .debug_info    0x00010dd8      0x339 C:/NXP/MCUXpressoIDE_11.10.0_3148/ide/plugins/com.nxp.mcuxpresso.tools.win32_11.10.0.202311280810/tools/bin/../lib/gcc/arm-none-eabi/13.2.1/../../../../arm-none-eabi/lib/thumb/v8-m.main/nofp\libcr_c.a(initio.o)
 .debug_info    0x00011111      0x1fd C:/NXP/MCUXpressoIDE_11.10.0_3148/ide/plugins/com.nxp.mcuxpresso.tools.win32_11.10.0.202311280810/tools/bin/../lib/gcc/arm-none-eabi/13.2.1/../../../../arm-none-eabi/lib/thumb/v8-m.main/nofp\libcr_c.a(setvbuf.o)
 .debug_info    0x0001130e       0xe1 C:/NXP/MCUXpressoIDE_11.10.0_3148/ide/plugins/com.nxp.mcuxpresso.tools.win32_11.10.0.202311280810/tools/bin/../lib/gcc/arm-none-eabi/13.2.1/../../../../arm-none-eabi/lib/thumb/v8-m.main/nofp\libcr_c.a(strlen.o)
 .debug_info    0x000113ef      0x369 C:/NXP/MCUXpressoIDE_11.10.0_3148/ide/plugins/com.nxp.mcuxpresso.tools.win32_11.10.0.202311280810/tools/bin/../lib/gcc/arm-none-eabi/13.2.1/../../../../arm-none-eabi/lib/thumb/v8-m.main/nofp\libcr_c.a(_deferredlazyseek.o)
 .debug_info    0x00011758      0x24b C:/NXP/MCUXpressoIDE_11.10.0_3148/ide/plugins/com.nxp.mcuxpresso.tools.win32_11.10.0.202311280810/tools/bin/../lib/gcc/arm-none-eabi/13.2.1/../../../../arm-none-eabi/lib/thumb/v8-m.main/nofp\libcr_c.a(_fdopen.o)
 .debug_info    0x000119a3      0x1e3 C:/NXP/MCUXpressoIDE_11.10.0_3148/ide/plugins/com.nxp.mcuxpresso.tools.win32_11.10.0.202311280810/tools/bin/../lib/gcc/arm-none-eabi/13.2.1/../../../../arm-none-eabi/lib/thumb/v8-m.main/nofp\libcr_c.a(_fflush.o)
 .debug_info    0x00011b86      0x289 C:/NXP/MCUXpressoIDE_11.10.0_3148/ide/plugins/com.nxp.mcuxpresso.tools.win32_11.10.0.202311280810/tools/bin/../lib/gcc/arm-none-eabi/13.2.1/../../../../arm-none-eabi/lib/thumb/v8-m.main/nofp\libcr_c.a(_writebuf.o)
 .debug_info    0x00011e0f      0x318 C:/NXP/MCUXpressoIDE_11.10.0_3148/ide/plugins/com.nxp.mcuxpresso.tools.win32_11.10.0.202311280810/tools/bin/../lib/gcc/arm-none-eabi/13.2.1/../../../../arm-none-eabi/lib/thumb/v8-m.main/nofp\libcr_c.a(fclose.o)
 .debug_info    0x00012127      0x209 C:/NXP/MCUXpressoIDE_11.10.0_3148/ide/plugins/com.nxp.mcuxpresso.tools.win32_11.10.0.202311280810/tools/bin/../lib/gcc/arm-none-eabi/13.2.1/../../../../arm-none-eabi/lib/thumb/v8-m.main/nofp\libcr_c.a(fflush.o)
 .debug_info    0x00012330      0x276 C:/NXP/MCUXpressoIDE_11.10.0_3148/ide/plugins/com.nxp.mcuxpresso.tools.win32_11.10.0.202311280810/tools/bin/../lib/gcc/arm-none-eabi/13.2.1/../../../../arm-none-eabi/lib/thumb/v8-m.main/nofp\libcr_c.a(fseek.o)
 .debug_info    0x000125a6      0x197 C:/NXP/MCUXpressoIDE_11.10.0_3148/ide/plugins/com.nxp.mcuxpresso.tools.win32_11.10.0.202311280810/tools/bin/../lib/gcc/arm-none-eabi/13.2.1/../../../../arm-none-eabi/lib/thumb/v8-m.main/nofp\libcr_c.a(ftell.o)
 .debug_info    0x0001273d      0x1d7 C:/NXP/MCUXpressoIDE_11.10.0_3148/ide/plugins/com.nxp.mcuxpresso.tools.win32_11.10.0.202311280810/tools/bin/../lib/gcc/arm-none-eabi/13.2.1/../../../../arm-none-eabi/lib/thumb/v8-m.main/nofp\libcr_c.a(remove.o)
 .debug_info    0x00012914      0x23a C:/NXP/MCUXpressoIDE_11.10.0_3148/ide/plugins/com.nxp.mcuxpresso.tools.win32_11.10.0.202311280810/tools/bin/../lib/gcc/arm-none-eabi/13.2.1/../../../../arm-none-eabi/lib/thumb/v8-m.main/nofp\libcr_c.a(_do_fflush.o)
 .debug_info    0x00012b4e      0x18b C:/NXP/MCUXpressoIDE_11.10.0_3148/ide/plugins/com.nxp.mcuxpresso.tools.win32_11.10.0.202311280810/tools/bin/../lib/gcc/arm-none-eabi/13.2.1/../../../../arm-none-eabi/lib/thumb/v8-m.main/nofp\libcr_nohost_nf.a(__ciob.o)
 .debug_info    0x00012cd9       0x6a C:/NXP/MCUXpressoIDE_11.10.0_3148/ide/plugins/com.nxp.mcuxpresso.tools.win32_11.10.0.202311280810/tools/bin/../lib/gcc/arm-none-eabi/13.2.1/../../../../arm-none-eabi/lib/thumb/v8-m.main/nofp\libcr_nohost_nf.a(__sys_close.o)
 .debug_info    0x00012d43       0x6a C:/NXP/MCUXpressoIDE_11.10.0_3148/ide/plugins/com.nxp.mcuxpresso.tools.win32_11.10.0.202311280810/tools/bin/../lib/gcc/arm-none-eabi/13.2.1/../../../../arm-none-eabi/lib/thumb/v8-m.main/nofp\libcr_nohost_nf.a(__sys_flen.o)
 .debug_info    0x00012dad       0x6a C:/NXP/MCUXpressoIDE_11.10.0_3148/ide/plugins/com.nxp.mcuxpresso.tools.win32_11.10.0.202311280810/tools/bin/../lib/gcc/arm-none-eabi/13.2.1/../../../../arm-none-eabi/lib/thumb/v8-m.main/nofp\libcr_nohost_nf.a(__sys_istty.o)
 .debug_info    0x00012e17       0x8a C:/NXP/MCUXpressoIDE_11.10.0_3148/ide/plugins/com.nxp.mcuxpresso.tools.win32_11.10.0.202311280810/tools/bin/../lib/gcc/arm-none-eabi/13.2.1/../../../../arm-none-eabi/lib/thumb/v8-m.main/nofp\libcr_nohost_nf.a(__sys_remove.o)
 .debug_info    0x00012ea1       0x78 C:/NXP/MCUXpressoIDE_11.10.0_3148/ide/plugins/com.nxp.mcuxpresso.tools.win32_11.10.0.202311280810/tools/bin/../lib/gcc/arm-none-eabi/13.2.1/../../../../arm-none-eabi/lib/thumb/v8-m.main/nofp\libcr_nohost_nf.a(__sys_seek.o)
 .debug_info    0x00012f19       0x93 C:/NXP/MCUXpressoIDE_11.10.0_3148/ide/plugins/com.nxp.mcuxpresso.tools.win32_11.10.0.202311280810/tools/bin/../lib/gcc/arm-none-eabi/13.2.1/../../../../arm-none-eabi/lib/thumb/v8-m.main/nofp\libcr_nohost_nf.a(__sys_tmpnam.o)
 .debug_info    0x00012fac       0x93 C:/NXP/MCUXpressoIDE_11.10.0_3148/ide/plugins/com.nxp.mcuxpresso.tools.win32_11.10.0.202311280810/tools/bin/../lib/gcc/arm-none-eabi/13.2.1/../../../../arm-none-eabi/lib/thumb/v8-m.main/nofp\libcr_nohost_nf.a(__sys_write.o)

.debug_abbrev   0x00000000     0x35b6
 .debug_abbrev  0x00000000       0xbd ./utilities/fsl_assert.o
 .debug_abbrev  0x000000bd      0x256 ./utilities/fsl_debug_console.o
 .debug_abbrev  0x00000313       0x14 ./utilities/fsl_memcpy.o
 .debug_abbrev  0x00000327      0x134 ./startup/startup_mcxa153.o
 .debug_abbrev  0x0000045b       0x31 ./source/semihost_hardfault.o
 .debug_abbrev  0x0000048c      0x27d ./source/simple_pwm.o
 .debug_abbrev  0x00000709      0x30e ./drivers/fsl_clock.o
 .debug_abbrev  0x00000a17      0x17b ./drivers/fsl_common_arm.o
 .debug_abbrev  0x00000b92      0x391 ./drivers/fsl_ctimer.o
 .debug_abbrev  0x00000f23      0x453 ./drivers/fsl_lpuart.o
 .debug_abbrev  0x00001376      0x14c ./drivers/fsl_reset.o
 .debug_abbrev  0x000014c2      0x2c0 ./drivers/fsl_spc.o
 .debug_abbrev  0x00001782      0x13d ./device/system_MCXA153.o
 .debug_abbrev  0x000018bf      0x1e7 ./component/uart/fsl_adapter_lpuart.o
 .debug_abbrev  0x00001aa6       0xf2 ./board/board.o
 .debug_abbrev  0x00001b98      0x25c ./board/clock_config.o
 .debug_abbrev  0x00001df4      0x252 ./board/pin_mux.o
 .debug_abbrev  0x00002046       0x70 C:/NXP/MCUXpressoIDE_11.10.0_3148/ide/plugins/com.nxp.mcuxpresso.tools.win32_11.10.0.202311280810/tools/bin/../lib/gcc/arm-none-eabi/13.2.1/../../../../arm-none-eabi/lib/thumb/v8-m.main/nofp\libcr_nohost_nf.a(_cr__main.o)
 .debug_abbrev  0x000020b6       0xa8 C:/NXP/MCUXpressoIDE_11.10.0_3148/ide/plugins/com.nxp.mcuxpresso.tools.win32_11.10.0.202311280810/tools/bin/../lib/gcc/arm-none-eabi/13.2.1/../../../../arm-none-eabi/lib/thumb/v8-m.main/nofp\libcr_c.a(memset.o)
 .debug_abbrev  0x0000215e      0x284 C:/NXP/MCUXpressoIDE_11.10.0_3148/ide/plugins/com.nxp.mcuxpresso.tools.win32_11.10.0.202311280810/tools/bin/../lib/gcc/arm-none-eabi/13.2.1/../../../../arm-none-eabi/lib/thumb/v8-m.main/nofp\libcr_c.a(alloc.o)
 .debug_abbrev  0x000023e2       0x44 C:/NXP/MCUXpressoIDE_11.10.0_3148/ide/plugins/com.nxp.mcuxpresso.tools.win32_11.10.0.202311280810/tools/bin/../lib/gcc/arm-none-eabi/13.2.1/../../../../arm-none-eabi/lib/thumb/v8-m.main/nofp\libcr_c.a(errno.o)
 .debug_abbrev  0x00002426      0x169 C:/NXP/MCUXpressoIDE_11.10.0_3148/ide/plugins/com.nxp.mcuxpresso.tools.win32_11.10.0.202311280810/tools/bin/../lib/gcc/arm-none-eabi/13.2.1/../../../../arm-none-eabi/lib/thumb/v8-m.main/nofp\libcr_c.a(initio.o)
 .debug_abbrev  0x0000258f       0xe1 C:/NXP/MCUXpressoIDE_11.10.0_3148/ide/plugins/com.nxp.mcuxpresso.tools.win32_11.10.0.202311280810/tools/bin/../lib/gcc/arm-none-eabi/13.2.1/../../../../arm-none-eabi/lib/thumb/v8-m.main/nofp\libcr_c.a(setvbuf.o)
 .debug_abbrev  0x00002670       0xa7 C:/NXP/MCUXpressoIDE_11.10.0_3148/ide/plugins/com.nxp.mcuxpresso.tools.win32_11.10.0.202311280810/tools/bin/../lib/gcc/arm-none-eabi/13.2.1/../../../../arm-none-eabi/lib/thumb/v8-m.main/nofp\libcr_c.a(strlen.o)
 .debug_abbrev  0x00002717      0x152 C:/NXP/MCUXpressoIDE_11.10.0_3148/ide/plugins/com.nxp.mcuxpresso.tools.win32_11.10.0.202311280810/tools/bin/../lib/gcc/arm-none-eabi/13.2.1/../../../../arm-none-eabi/lib/thumb/v8-m.main/nofp\libcr_c.a(_deferredlazyseek.o)
 .debug_abbrev  0x00002869      0x119 C:/NXP/MCUXpressoIDE_11.10.0_3148/ide/plugins/com.nxp.mcuxpresso.tools.win32_11.10.0.202311280810/tools/bin/../lib/gcc/arm-none-eabi/13.2.1/../../../../arm-none-eabi/lib/thumb/v8-m.main/nofp\libcr_c.a(_fdopen.o)
 .debug_abbrev  0x00002982       0xf1 C:/NXP/MCUXpressoIDE_11.10.0_3148/ide/plugins/com.nxp.mcuxpresso.tools.win32_11.10.0.202311280810/tools/bin/../lib/gcc/arm-none-eabi/13.2.1/../../../../arm-none-eabi/lib/thumb/v8-m.main/nofp\libcr_c.a(_fflush.o)
 .debug_abbrev  0x00002a73      0x126 C:/NXP/MCUXpressoIDE_11.10.0_3148/ide/plugins/com.nxp.mcuxpresso.tools.win32_11.10.0.202311280810/tools/bin/../lib/gcc/arm-none-eabi/13.2.1/../../../../arm-none-eabi/lib/thumb/v8-m.main/nofp\libcr_c.a(_writebuf.o)
 .debug_abbrev  0x00002b99      0x155 C:/NXP/MCUXpressoIDE_11.10.0_3148/ide/plugins/com.nxp.mcuxpresso.tools.win32_11.10.0.202311280810/tools/bin/../lib/gcc/arm-none-eabi/13.2.1/../../../../arm-none-eabi/lib/thumb/v8-m.main/nofp\libcr_c.a(fclose.o)
 .debug_abbrev  0x00002cee      0x125 C:/NXP/MCUXpressoIDE_11.10.0_3148/ide/plugins/com.nxp.mcuxpresso.tools.win32_11.10.0.202311280810/tools/bin/../lib/gcc/arm-none-eabi/13.2.1/../../../../arm-none-eabi/lib/thumb/v8-m.main/nofp\libcr_c.a(fflush.o)
 .debug_abbrev  0x00002e13      0x11b C:/NXP/MCUXpressoIDE_11.10.0_3148/ide/plugins/com.nxp.mcuxpresso.tools.win32_11.10.0.202311280810/tools/bin/../lib/gcc/arm-none-eabi/13.2.1/../../../../arm-none-eabi/lib/thumb/v8-m.main/nofp\libcr_c.a(fseek.o)
 .debug_abbrev  0x00002f2e       0xc2 C:/NXP/MCUXpressoIDE_11.10.0_3148/ide/plugins/com.nxp.mcuxpresso.tools.win32_11.10.0.202311280810/tools/bin/../lib/gcc/arm-none-eabi/13.2.1/../../../../arm-none-eabi/lib/thumb/v8-m.main/nofp\libcr_c.a(ftell.o)
 .debug_abbrev  0x00002ff0       0xfb C:/NXP/MCUXpressoIDE_11.10.0_3148/ide/plugins/com.nxp.mcuxpresso.tools.win32_11.10.0.202311280810/tools/bin/../lib/gcc/arm-none-eabi/13.2.1/../../../../arm-none-eabi/lib/thumb/v8-m.main/nofp\libcr_c.a(remove.o)
 .debug_abbrev  0x000030eb      0x12c C:/NXP/MCUXpressoIDE_11.10.0_3148/ide/plugins/com.nxp.mcuxpresso.tools.win32_11.10.0.202311280810/tools/bin/../lib/gcc/arm-none-eabi/13.2.1/../../../../arm-none-eabi/lib/thumb/v8-m.main/nofp\libcr_c.a(_do_fflush.o)
 .debug_abbrev  0x00003217       0xb5 C:/NXP/MCUXpressoIDE_11.10.0_3148/ide/plugins/com.nxp.mcuxpresso.tools.win32_11.10.0.202311280810/tools/bin/../lib/gcc/arm-none-eabi/13.2.1/../../../../arm-none-eabi/lib/thumb/v8-m.main/nofp\libcr_nohost_nf.a(__ciob.o)
 .debug_abbrev  0x000032cc       0x5c C:/NXP/MCUXpressoIDE_11.10.0_3148/ide/plugins/com.nxp.mcuxpresso.tools.win32_11.10.0.202311280810/tools/bin/../lib/gcc/arm-none-eabi/13.2.1/../../../../arm-none-eabi/lib/thumb/v8-m.main/nofp\libcr_nohost_nf.a(__sys_close.o)
 .debug_abbrev  0x00003328       0x5c C:/NXP/MCUXpressoIDE_11.10.0_3148/ide/plugins/com.nxp.mcuxpresso.tools.win32_11.10.0.202311280810/tools/bin/../lib/gcc/arm-none-eabi/13.2.1/../../../../arm-none-eabi/lib/thumb/v8-m.main/nofp\libcr_nohost_nf.a(__sys_flen.o)
 .debug_abbrev  0x00003384       0x5c C:/NXP/MCUXpressoIDE_11.10.0_3148/ide/plugins/com.nxp.mcuxpresso.tools.win32_11.10.0.202311280810/tools/bin/../lib/gcc/arm-none-eabi/13.2.1/../../../../arm-none-eabi/lib/thumb/v8-m.main/nofp\libcr_nohost_nf.a(__sys_istty.o)
 .debug_abbrev  0x000033e0       0x7d C:/NXP/MCUXpressoIDE_11.10.0_3148/ide/plugins/com.nxp.mcuxpresso.tools.win32_11.10.0.202311280810/tools/bin/../lib/gcc/arm-none-eabi/13.2.1/../../../../arm-none-eabi/lib/thumb/v8-m.main/nofp\libcr_nohost_nf.a(__sys_remove.o)
 .debug_abbrev  0x0000345d       0x6d C:/NXP/MCUXpressoIDE_11.10.0_3148/ide/plugins/com.nxp.mcuxpresso.tools.win32_11.10.0.202311280810/tools/bin/../lib/gcc/arm-none-eabi/13.2.1/../../../../arm-none-eabi/lib/thumb/v8-m.main/nofp\libcr_nohost_nf.a(__sys_seek.o)
 .debug_abbrev  0x000034ca       0x76 C:/NXP/MCUXpressoIDE_11.10.0_3148/ide/plugins/com.nxp.mcuxpresso.tools.win32_11.10.0.202311280810/tools/bin/../lib/gcc/arm-none-eabi/13.2.1/../../../../arm-none-eabi/lib/thumb/v8-m.main/nofp\libcr_nohost_nf.a(__sys_tmpnam.o)
 .debug_abbrev  0x00003540       0x76 C:/NXP/MCUXpressoIDE_11.10.0_3148/ide/plugins/com.nxp.mcuxpresso.tools.win32_11.10.0.202311280810/tools/bin/../lib/gcc/arm-none-eabi/13.2.1/../../../../arm-none-eabi/lib/thumb/v8-m.main/nofp\libcr_nohost_nf.a(__sys_write.o)

.debug_aranges  0x00000000      0xdc8
 .debug_aranges
                0x00000000       0x28 ./utilities/fsl_assert.o
 .debug_aranges
                0x00000028       0x78 ./utilities/fsl_debug_console.o
 .debug_aranges
                0x000000a0       0x20 ./utilities/fsl_memcpy.o
 .debug_aranges
                0x000000c0      0x2e0 ./startup/startup_mcxa153.o
 .debug_aranges
                0x000003a0       0x20 ./source/semihost_hardfault.o
 .debug_aranges
                0x000003c0       0x38 ./source/simple_pwm.o
 .debug_aranges
                0x000003f8      0x168 ./drivers/fsl_clock.o
 .debug_aranges
                0x00000560       0x38 ./drivers/fsl_common_arm.o
 .debug_aranges
                0x00000598       0xd0 ./drivers/fsl_ctimer.o
 .debug_aranges
                0x00000668      0x198 ./drivers/fsl_lpuart.o
 .debug_aranges
                0x00000800       0x30 ./drivers/fsl_reset.o
 .debug_aranges
                0x00000830      0x110 ./drivers/fsl_spc.o
 .debug_aranges
                0x00000940       0x30 ./device/system_MCXA153.o
 .debug_aranges
                0x00000970       0x58 ./component/uart/fsl_adapter_lpuart.o
 .debug_aranges
                0x000009c8       0x20 ./board/board.o
 .debug_aranges
                0x000009e8       0x58 ./board/clock_config.o
 .debug_aranges
                0x00000a40       0x40 ./board/pin_mux.o
 .debug_aranges
                0x00000a80       0x20 C:/NXP/MCUXpressoIDE_11.10.0_3148/ide/plugins/com.nxp.mcuxpresso.tools.win32_11.10.0.202311280810/tools/bin/../lib/gcc/arm-none-eabi/13.2.1/../../../../arm-none-eabi/lib/thumb/v8-m.main/nofp\libcr_nohost_nf.a(_cr__main.o)
 .debug_aranges
                0x00000aa0       0x20 C:/NXP/MCUXpressoIDE_11.10.0_3148/ide/plugins/com.nxp.mcuxpresso.tools.win32_11.10.0.202311280810/tools/bin/../lib/gcc/arm-none-eabi/13.2.1/../../../../arm-none-eabi/lib/thumb/v8-m.main/nofp\libcr_c.a(memset.o)
 .debug_aranges
                0x00000ac0       0x40 C:/NXP/MCUXpressoIDE_11.10.0_3148/ide/plugins/com.nxp.mcuxpresso.tools.win32_11.10.0.202311280810/tools/bin/../lib/gcc/arm-none-eabi/13.2.1/../../../../arm-none-eabi/lib/thumb/v8-m.main/nofp\libcr_c.a(alloc.o)
 .debug_aranges
                0x00000b00       0x18 C:/NXP/MCUXpressoIDE_11.10.0_3148/ide/plugins/com.nxp.mcuxpresso.tools.win32_11.10.0.202311280810/tools/bin/../lib/gcc/arm-none-eabi/13.2.1/../../../../arm-none-eabi/lib/thumb/v8-m.main/nofp\libcr_c.a(errno.o)
 .debug_aranges
                0x00000b18       0x28 C:/NXP/MCUXpressoIDE_11.10.0_3148/ide/plugins/com.nxp.mcuxpresso.tools.win32_11.10.0.202311280810/tools/bin/../lib/gcc/arm-none-eabi/13.2.1/../../../../arm-none-eabi/lib/thumb/v8-m.main/nofp\libcr_c.a(initio.o)
 .debug_aranges
                0x00000b40       0x20 C:/NXP/MCUXpressoIDE_11.10.0_3148/ide/plugins/com.nxp.mcuxpresso.tools.win32_11.10.0.202311280810/tools/bin/../lib/gcc/arm-none-eabi/13.2.1/../../../../arm-none-eabi/lib/thumb/v8-m.main/nofp\libcr_c.a(setvbuf.o)
 .debug_aranges
                0x00000b60       0x20 C:/NXP/MCUXpressoIDE_11.10.0_3148/ide/plugins/com.nxp.mcuxpresso.tools.win32_11.10.0.202311280810/tools/bin/../lib/gcc/arm-none-eabi/13.2.1/../../../../arm-none-eabi/lib/thumb/v8-m.main/nofp\libcr_c.a(strlen.o)
 .debug_aranges
                0x00000b80       0x28 C:/NXP/MCUXpressoIDE_11.10.0_3148/ide/plugins/com.nxp.mcuxpresso.tools.win32_11.10.0.202311280810/tools/bin/../lib/gcc/arm-none-eabi/13.2.1/../../../../arm-none-eabi/lib/thumb/v8-m.main/nofp\libcr_c.a(_deferredlazyseek.o)
 .debug_aranges
                0x00000ba8       0x20 C:/NXP/MCUXpressoIDE_11.10.0_3148/ide/plugins/com.nxp.mcuxpresso.tools.win32_11.10.0.202311280810/tools/bin/../lib/gcc/arm-none-eabi/13.2.1/../../../../arm-none-eabi/lib/thumb/v8-m.main/nofp\libcr_c.a(_fdopen.o)
 .debug_aranges
                0x00000bc8       0x20 C:/NXP/MCUXpressoIDE_11.10.0_3148/ide/plugins/com.nxp.mcuxpresso.tools.win32_11.10.0.202311280810/tools/bin/../lib/gcc/arm-none-eabi/13.2.1/../../../../arm-none-eabi/lib/thumb/v8-m.main/nofp\libcr_c.a(_fflush.o)
 .debug_aranges
                0x00000be8       0x20 C:/NXP/MCUXpressoIDE_11.10.0_3148/ide/plugins/com.nxp.mcuxpresso.tools.win32_11.10.0.202311280810/tools/bin/../lib/gcc/arm-none-eabi/13.2.1/../../../../arm-none-eabi/lib/thumb/v8-m.main/nofp\libcr_c.a(_writebuf.o)
 .debug_aranges
                0x00000c08       0x20 C:/NXP/MCUXpressoIDE_11.10.0_3148/ide/plugins/com.nxp.mcuxpresso.tools.win32_11.10.0.202311280810/tools/bin/../lib/gcc/arm-none-eabi/13.2.1/../../../../arm-none-eabi/lib/thumb/v8-m.main/nofp\libcr_c.a(fclose.o)
 .debug_aranges
                0x00000c28       0x20 C:/NXP/MCUXpressoIDE_11.10.0_3148/ide/plugins/com.nxp.mcuxpresso.tools.win32_11.10.0.202311280810/tools/bin/../lib/gcc/arm-none-eabi/13.2.1/../../../../arm-none-eabi/lib/thumb/v8-m.main/nofp\libcr_c.a(fflush.o)
 .debug_aranges
                0x00000c48       0x20 C:/NXP/MCUXpressoIDE_11.10.0_3148/ide/plugins/com.nxp.mcuxpresso.tools.win32_11.10.0.202311280810/tools/bin/../lib/gcc/arm-none-eabi/13.2.1/../../../../arm-none-eabi/lib/thumb/v8-m.main/nofp\libcr_c.a(fseek.o)
 .debug_aranges
                0x00000c68       0x20 C:/NXP/MCUXpressoIDE_11.10.0_3148/ide/plugins/com.nxp.mcuxpresso.tools.win32_11.10.0.202311280810/tools/bin/../lib/gcc/arm-none-eabi/13.2.1/../../../../arm-none-eabi/lib/thumb/v8-m.main/nofp\libcr_c.a(ftell.o)
 .debug_aranges
                0x00000c88       0x28 C:/NXP/MCUXpressoIDE_11.10.0_3148/ide/plugins/com.nxp.mcuxpresso.tools.win32_11.10.0.202311280810/tools/bin/../lib/gcc/arm-none-eabi/13.2.1/../../../../arm-none-eabi/lib/thumb/v8-m.main/nofp\libcr_c.a(remove.o)
 .debug_aranges
                0x00000cb0       0x20 C:/NXP/MCUXpressoIDE_11.10.0_3148/ide/plugins/com.nxp.mcuxpresso.tools.win32_11.10.0.202311280810/tools/bin/../lib/gcc/arm-none-eabi/13.2.1/../../../../arm-none-eabi/lib/thumb/v8-m.main/nofp\libcr_c.a(_do_fflush.o)
 .debug_aranges
                0x00000cd0       0x18 C:/NXP/MCUXpressoIDE_11.10.0_3148/ide/plugins/com.nxp.mcuxpresso.tools.win32_11.10.0.202311280810/tools/bin/../lib/gcc/arm-none-eabi/13.2.1/../../../../arm-none-eabi/lib/thumb/v8-m.main/nofp\libcr_nohost_nf.a(__ciob.o)
 .debug_aranges
                0x00000ce8       0x20 C:/NXP/MCUXpressoIDE_11.10.0_3148/ide/plugins/com.nxp.mcuxpresso.tools.win32_11.10.0.202311280810/tools/bin/../lib/gcc/arm-none-eabi/13.2.1/../../../../arm-none-eabi/lib/thumb/v8-m.main/nofp\libcr_nohost_nf.a(__sys_close.o)
 .debug_aranges
                0x00000d08       0x20 C:/NXP/MCUXpressoIDE_11.10.0_3148/ide/plugins/com.nxp.mcuxpresso.tools.win32_11.10.0.202311280810/tools/bin/../lib/gcc/arm-none-eabi/13.2.1/../../../../arm-none-eabi/lib/thumb/v8-m.main/nofp\libcr_nohost_nf.a(__sys_flen.o)
 .debug_aranges
                0x00000d28       0x20 C:/NXP/MCUXpressoIDE_11.10.0_3148/ide/plugins/com.nxp.mcuxpresso.tools.win32_11.10.0.202311280810/tools/bin/../lib/gcc/arm-none-eabi/13.2.1/../../../../arm-none-eabi/lib/thumb/v8-m.main/nofp\libcr_nohost_nf.a(__sys_istty.o)
 .debug_aranges
                0x00000d48       0x20 C:/NXP/MCUXpressoIDE_11.10.0_3148/ide/plugins/com.nxp.mcuxpresso.tools.win32_11.10.0.202311280810/tools/bin/../lib/gcc/arm-none-eabi/13.2.1/../../../../arm-none-eabi/lib/thumb/v8-m.main/nofp\libcr_nohost_nf.a(__sys_remove.o)
 .debug_aranges
                0x00000d68       0x20 C:/NXP/MCUXpressoIDE_11.10.0_3148/ide/plugins/com.nxp.mcuxpresso.tools.win32_11.10.0.202311280810/tools/bin/../lib/gcc/arm-none-eabi/13.2.1/../../../../arm-none-eabi/lib/thumb/v8-m.main/nofp\libcr_nohost_nf.a(__sys_seek.o)
 .debug_aranges
                0x00000d88       0x20 C:/NXP/MCUXpressoIDE_11.10.0_3148/ide/plugins/com.nxp.mcuxpresso.tools.win32_11.10.0.202311280810/tools/bin/../lib/gcc/arm-none-eabi/13.2.1/../../../../arm-none-eabi/lib/thumb/v8-m.main/nofp\libcr_nohost_nf.a(__sys_tmpnam.o)
 .debug_aranges
                0x00000da8       0x20 C:/NXP/MCUXpressoIDE_11.10.0_3148/ide/plugins/com.nxp.mcuxpresso.tools.win32_11.10.0.202311280810/tools/bin/../lib/gcc/arm-none-eabi/13.2.1/../../../../arm-none-eabi/lib/thumb/v8-m.main/nofp\libcr_nohost_nf.a(__sys_write.o)

.debug_ranges   0x00000000      0xb68
 .debug_ranges  0x00000000       0x18 ./utilities/fsl_assert.o
 .debug_ranges  0x00000018       0x68 ./utilities/fsl_debug_console.o
 .debug_ranges  0x00000080      0x2d0 ./startup/startup_mcxa153.o
 .debug_ranges  0x00000350       0x10 ./source/semihost_hardfault.o
 .debug_ranges  0x00000360       0x28 ./source/simple_pwm.o
 .debug_ranges  0x00000388      0x158 ./drivers/fsl_clock.o
 .debug_ranges  0x000004e0       0x28 ./drivers/fsl_common_arm.o
 .debug_ranges  0x00000508       0xc0 ./drivers/fsl_ctimer.o
 .debug_ranges  0x000005c8      0x188 ./drivers/fsl_lpuart.o
 .debug_ranges  0x00000750       0x20 ./drivers/fsl_reset.o
 .debug_ranges  0x00000770      0x100 ./drivers/fsl_spc.o
 .debug_ranges  0x00000870       0x20 ./device/system_MCXA153.o
 .debug_ranges  0x00000890       0x48 ./component/uart/fsl_adapter_lpuart.o
 .debug_ranges  0x000008d8       0x10 ./board/board.o
 .debug_ranges  0x000008e8       0x48 ./board/clock_config.o
 .debug_ranges  0x00000930       0x30 ./board/pin_mux.o
 .debug_ranges  0x00000960       0x10 C:/NXP/MCUXpressoIDE_11.10.0_3148/ide/plugins/com.nxp.mcuxpresso.tools.win32_11.10.0.202311280810/tools/bin/../lib/gcc/arm-none-eabi/13.2.1/../../../../arm-none-eabi/lib/thumb/v8-m.main/nofp\libcr_nohost_nf.a(_cr__main.o)
 .debug_ranges  0x00000970       0x10 C:/NXP/MCUXpressoIDE_11.10.0_3148/ide/plugins/com.nxp.mcuxpresso.tools.win32_11.10.0.202311280810/tools/bin/../lib/gcc/arm-none-eabi/13.2.1/../../../../arm-none-eabi/lib/thumb/v8-m.main/nofp\libcr_c.a(memset.o)
 .debug_ranges  0x00000980       0x48 C:/NXP/MCUXpressoIDE_11.10.0_3148/ide/plugins/com.nxp.mcuxpresso.tools.win32_11.10.0.202311280810/tools/bin/../lib/gcc/arm-none-eabi/13.2.1/../../../../arm-none-eabi/lib/thumb/v8-m.main/nofp\libcr_c.a(alloc.o)
 .debug_ranges  0x000009c8       0x18 C:/NXP/MCUXpressoIDE_11.10.0_3148/ide/plugins/com.nxp.mcuxpresso.tools.win32_11.10.0.202311280810/tools/bin/../lib/gcc/arm-none-eabi/13.2.1/../../../../arm-none-eabi/lib/thumb/v8-m.main/nofp\libcr_c.a(initio.o)
 .debug_ranges  0x000009e0       0x10 C:/NXP/MCUXpressoIDE_11.10.0_3148/ide/plugins/com.nxp.mcuxpresso.tools.win32_11.10.0.202311280810/tools/bin/../lib/gcc/arm-none-eabi/13.2.1/../../../../arm-none-eabi/lib/thumb/v8-m.main/nofp\libcr_c.a(setvbuf.o)
 .debug_ranges  0x000009f0       0x10 C:/NXP/MCUXpressoIDE_11.10.0_3148/ide/plugins/com.nxp.mcuxpresso.tools.win32_11.10.0.202311280810/tools/bin/../lib/gcc/arm-none-eabi/13.2.1/../../../../arm-none-eabi/lib/thumb/v8-m.main/nofp\libcr_c.a(strlen.o)
 .debug_ranges  0x00000a00       0x30 C:/NXP/MCUXpressoIDE_11.10.0_3148/ide/plugins/com.nxp.mcuxpresso.tools.win32_11.10.0.202311280810/tools/bin/../lib/gcc/arm-none-eabi/13.2.1/../../../../arm-none-eabi/lib/thumb/v8-m.main/nofp\libcr_c.a(_deferredlazyseek.o)
 .debug_ranges  0x00000a30       0x10 C:/NXP/MCUXpressoIDE_11.10.0_3148/ide/plugins/com.nxp.mcuxpresso.tools.win32_11.10.0.202311280810/tools/bin/../lib/gcc/arm-none-eabi/13.2.1/../../../../arm-none-eabi/lib/thumb/v8-m.main/nofp\libcr_c.a(_fdopen.o)
 .debug_ranges  0x00000a40       0x10 C:/NXP/MCUXpressoIDE_11.10.0_3148/ide/plugins/com.nxp.mcuxpresso.tools.win32_11.10.0.202311280810/tools/bin/../lib/gcc/arm-none-eabi/13.2.1/../../../../arm-none-eabi/lib/thumb/v8-m.main/nofp\libcr_c.a(_fflush.o)
 .debug_ranges  0x00000a50       0x10 C:/NXP/MCUXpressoIDE_11.10.0_3148/ide/plugins/com.nxp.mcuxpresso.tools.win32_11.10.0.202311280810/tools/bin/../lib/gcc/arm-none-eabi/13.2.1/../../../../arm-none-eabi/lib/thumb/v8-m.main/nofp\libcr_c.a(_writebuf.o)
 .debug_ranges  0x00000a60       0x10 C:/NXP/MCUXpressoIDE_11.10.0_3148/ide/plugins/com.nxp.mcuxpresso.tools.win32_11.10.0.202311280810/tools/bin/../lib/gcc/arm-none-eabi/13.2.1/../../../../arm-none-eabi/lib/thumb/v8-m.main/nofp\libcr_c.a(fclose.o)
 .debug_ranges  0x00000a70       0x28 C:/NXP/MCUXpressoIDE_11.10.0_3148/ide/plugins/com.nxp.mcuxpresso.tools.win32_11.10.0.202311280810/tools/bin/../lib/gcc/arm-none-eabi/13.2.1/../../../../arm-none-eabi/lib/thumb/v8-m.main/nofp\libcr_c.a(fflush.o)
 .debug_ranges  0x00000a98       0x10 C:/NXP/MCUXpressoIDE_11.10.0_3148/ide/plugins/com.nxp.mcuxpresso.tools.win32_11.10.0.202311280810/tools/bin/../lib/gcc/arm-none-eabi/13.2.1/../../../../arm-none-eabi/lib/thumb/v8-m.main/nofp\libcr_c.a(fseek.o)
 .debug_ranges  0x00000aa8       0x10 C:/NXP/MCUXpressoIDE_11.10.0_3148/ide/plugins/com.nxp.mcuxpresso.tools.win32_11.10.0.202311280810/tools/bin/../lib/gcc/arm-none-eabi/13.2.1/../../../../arm-none-eabi/lib/thumb/v8-m.main/nofp\libcr_c.a(ftell.o)
 .debug_ranges  0x00000ab8       0x18 C:/NXP/MCUXpressoIDE_11.10.0_3148/ide/plugins/com.nxp.mcuxpresso.tools.win32_11.10.0.202311280810/tools/bin/../lib/gcc/arm-none-eabi/13.2.1/../../../../arm-none-eabi/lib/thumb/v8-m.main/nofp\libcr_c.a(remove.o)
 .debug_ranges  0x00000ad0       0x28 C:/NXP/MCUXpressoIDE_11.10.0_3148/ide/plugins/com.nxp.mcuxpresso.tools.win32_11.10.0.202311280810/tools/bin/../lib/gcc/arm-none-eabi/13.2.1/../../../../arm-none-eabi/lib/thumb/v8-m.main/nofp\libcr_c.a(_do_fflush.o)
 .debug_ranges  0x00000af8       0x10 C:/NXP/MCUXpressoIDE_11.10.0_3148/ide/plugins/com.nxp.mcuxpresso.tools.win32_11.10.0.202311280810/tools/bin/../lib/gcc/arm-none-eabi/13.2.1/../../../../arm-none-eabi/lib/thumb/v8-m.main/nofp\libcr_nohost_nf.a(__sys_close.o)
 .debug_ranges  0x00000b08       0x10 C:/NXP/MCUXpressoIDE_11.10.0_3148/ide/plugins/com.nxp.mcuxpresso.tools.win32_11.10.0.202311280810/tools/bin/../lib/gcc/arm-none-eabi/13.2.1/../../../../arm-none-eabi/lib/thumb/v8-m.main/nofp\libcr_nohost_nf.a(__sys_flen.o)
 .debug_ranges  0x00000b18       0x10 C:/NXP/MCUXpressoIDE_11.10.0_3148/ide/plugins/com.nxp.mcuxpresso.tools.win32_11.10.0.202311280810/tools/bin/../lib/gcc/arm-none-eabi/13.2.1/../../../../arm-none-eabi/lib/thumb/v8-m.main/nofp\libcr_nohost_nf.a(__sys_istty.o)
 .debug_ranges  0x00000b28       0x10 C:/NXP/MCUXpressoIDE_11.10.0_3148/ide/plugins/com.nxp.mcuxpresso.tools.win32_11.10.0.202311280810/tools/bin/../lib/gcc/arm-none-eabi/13.2.1/../../../../arm-none-eabi/lib/thumb/v8-m.main/nofp\libcr_nohost_nf.a(__sys_remove.o)
 .debug_ranges  0x00000b38       0x10 C:/NXP/MCUXpressoIDE_11.10.0_3148/ide/plugins/com.nxp.mcuxpresso.tools.win32_11.10.0.202311280810/tools/bin/../lib/gcc/arm-none-eabi/13.2.1/../../../../arm-none-eabi/lib/thumb/v8-m.main/nofp\libcr_nohost_nf.a(__sys_seek.o)
 .debug_ranges  0x00000b48       0x10 C:/NXP/MCUXpressoIDE_11.10.0_3148/ide/plugins/com.nxp.mcuxpresso.tools.win32_11.10.0.202311280810/tools/bin/../lib/gcc/arm-none-eabi/13.2.1/../../../../arm-none-eabi/lib/thumb/v8-m.main/nofp\libcr_nohost_nf.a(__sys_tmpnam.o)
 .debug_ranges  0x00000b58       0x10 C:/NXP/MCUXpressoIDE_11.10.0_3148/ide/plugins/com.nxp.mcuxpresso.tools.win32_11.10.0.202311280810/tools/bin/../lib/gcc/arm-none-eabi/13.2.1/../../../../arm-none-eabi/lib/thumb/v8-m.main/nofp\libcr_nohost_nf.a(__sys_write.o)

.debug_macro    0x00000000    0x15f09
 .debug_macro   0x00000000      0x146 ./utilities/fsl_assert.o
 .debug_macro   0x00000146      0xb02 ./utilities/fsl_assert.o
 .debug_macro   0x00000c48       0x10 ./utilities/fsl_assert.o
 .debug_macro   0x00000c58       0x1c ./utilities/fsl_assert.o
 .debug_macro   0x00000c74       0x22 ./utilities/fsl_assert.o
 .debug_macro   0x00000c96      0x12e ./utilities/fsl_assert.o
 .debug_macro   0x00000dc4      0x5b3 ./utilities/fsl_assert.o
 .debug_macro   0x00001377       0x22 ./utilities/fsl_assert.o
 .debug_macro   0x00001399       0x10 ./utilities/fsl_assert.o
 .debug_macro   0x000013a9       0x46 ./utilities/fsl_assert.o
 .debug_macro   0x000013ef       0x1c ./utilities/fsl_assert.o
 .debug_macro   0x0000140b       0x2a ./utilities/fsl_assert.o
 .debug_macro   0x00001435       0xdf ./utilities/fsl_assert.o
 .debug_macro   0x00001514     0x1543 ./utilities/fsl_assert.o
 .debug_macro   0x00002a57       0x2e ./utilities/fsl_assert.o
 .debug_macro   0x00002a85    0x11612 ./utilities/fsl_assert.o
 .debug_macro   0x00014097      0x766 ./utilities/fsl_assert.o
 .debug_macro   0x000147fd       0x88 ./utilities/fsl_assert.o
 .debug_macro   0x00014885       0xaf ./utilities/fsl_assert.o
 .debug_macro   0x00014934       0xd9 ./utilities/fsl_assert.o
 .debug_macro   0x00014a0d       0x16 ./utilities/fsl_assert.o
 .debug_macro   0x00014a23       0x7b ./utilities/fsl_assert.o
 .debug_macro   0x00014a9e       0x1c ./utilities/fsl_assert.o
 .debug_macro   0x00014aba       0x1c ./utilities/fsl_assert.o
 .debug_macro   0x00014ad6       0x34 ./utilities/fsl_assert.o
 .debug_macro   0x00014b0a      0x16c ./utilities/fsl_debug_console.o
 .debug_macro   0x00014c76       0x16 ./utilities/fsl_debug_console.o
 .debug_macro   0x00014c8c       0x10 ./utilities/fsl_debug_console.o
 .debug_macro   0x00014c9c       0x28 ./utilities/fsl_debug_console.o
 .debug_macro   0x00014cc4       0xc4 ./utilities/fsl_debug_console.o
 .debug_macro   0x00014d88       0x16 ./utilities/fsl_debug_console.o
 .debug_macro   0x00014d9e       0x47 ./utilities/fsl_debug_console.o
 .debug_macro   0x00014de5       0x29 ./startup/startup_mcxa153.o
 .debug_macro   0x00014e0e       0x11 ./source/semihost_hardfault.o
 .debug_macro   0x00014e1f      0x196 ./source/simple_pwm.o
 .debug_macro   0x00014fb5       0x29 ./source/simple_pwm.o
 .debug_macro   0x00014fde       0x16 ./source/simple_pwm.o
 .debug_macro   0x00014ff4      0x100 ./source/simple_pwm.o
 .debug_macro   0x000150f4       0x10 ./source/simple_pwm.o
 .debug_macro   0x00015104      0x12b ./drivers/fsl_clock.o
 .debug_macro   0x0001522f      0x12b ./drivers/fsl_common_arm.o
 .debug_macro   0x0001535a      0x13b ./drivers/fsl_ctimer.o
 .debug_macro   0x00015495      0x140 ./drivers/fsl_lpuart.o
 .debug_macro   0x000155d5       0x10 ./drivers/fsl_lpuart.o
 .debug_macro   0x000155e5      0x137 ./drivers/fsl_reset.o
 .debug_macro   0x0001571c      0x13a ./drivers/fsl_spc.o
 .debug_macro   0x00015856       0x2e ./drivers/fsl_spc.o
 .debug_macro   0x00015884       0x98 ./device/system_MCXA153.o
 .debug_macro   0x0001591c      0x159 ./component/uart/fsl_adapter_lpuart.o
 .debug_macro   0x00015a75       0x41 ./component/uart/fsl_adapter_lpuart.o
 .debug_macro   0x00015ab6      0x16d ./board/board.o
 .debug_macro   0x00015c23      0x141 ./board/clock_config.o
 .debug_macro   0x00015d64       0x23 ./board/clock_config.o
 .debug_macro   0x00015d87       0x34 ./board/clock_config.o
 .debug_macro   0x00015dbb      0x138 ./board/pin_mux.o
 .debug_macro   0x00015ef3       0x16 ./board/pin_mux.o

.debug_line     0x00000000     0x8db8
 .debug_line    0x00000000      0x3bd ./utilities/fsl_assert.o
 .debug_line    0x000003bd      0x866 ./utilities/fsl_debug_console.o
 .debug_line    0x00000c23       0x89 ./utilities/fsl_memcpy.o
 .debug_line    0x00000cac      0x8ff ./startup/startup_mcxa153.o
 .debug_line    0x000015ab       0x59 ./source/semihost_hardfault.o
 .debug_line    0x00001604      0x523 ./source/simple_pwm.o
 .debug_line    0x00001b27     0x11c5 ./drivers/fsl_clock.o
 .debug_line    0x00002cec      0x3ad ./drivers/fsl_common_arm.o
 .debug_line    0x00003099      0x911 ./drivers/fsl_ctimer.o
 .debug_line    0x000039aa     0x15f1 ./drivers/fsl_lpuart.o
 .debug_line    0x00004f9b      0x3ff ./drivers/fsl_reset.o
 .debug_line    0x0000539a      0xa20 ./drivers/fsl_spc.o
 .debug_line    0x00005dba      0x319 ./device/system_MCXA153.o
 .debug_line    0x000060d3      0x55c ./component/uart/fsl_adapter_lpuart.o
 .debug_line    0x0000662f      0x402 ./board/board.o
 .debug_line    0x00006a31      0x684 ./board/clock_config.o
 .debug_line    0x000070b5      0x44a ./board/pin_mux.o
 .debug_line    0x000074ff       0xc4 C:/NXP/MCUXpressoIDE_11.10.0_3148/ide/plugins/com.nxp.mcuxpresso.tools.win32_11.10.0.202311280810/tools/bin/../lib/gcc/arm-none-eabi/13.2.1/../../../../arm-none-eabi/lib/thumb/v8-m.main/nofp\libcr_nohost_nf.a(_cr__main.o)
 .debug_line    0x000075c3       0x7b C:/NXP/MCUXpressoIDE_11.10.0_3148/ide/plugins/com.nxp.mcuxpresso.tools.win32_11.10.0.202311280810/tools/bin/../lib/gcc/arm-none-eabi/13.2.1/../../../../arm-none-eabi/lib/thumb/v8-m.main/nofp\libcr_c.a(memset.o)
 .debug_line    0x0000763e      0x37d C:/NXP/MCUXpressoIDE_11.10.0_3148/ide/plugins/com.nxp.mcuxpresso.tools.win32_11.10.0.202311280810/tools/bin/../lib/gcc/arm-none-eabi/13.2.1/../../../../arm-none-eabi/lib/thumb/v8-m.main/nofp\libcr_c.a(alloc.o)
 .debug_line    0x000079bb       0x4e C:/NXP/MCUXpressoIDE_11.10.0_3148/ide/plugins/com.nxp.mcuxpresso.tools.win32_11.10.0.202311280810/tools/bin/../lib/gcc/arm-none-eabi/13.2.1/../../../../arm-none-eabi/lib/thumb/v8-m.main/nofp\libcr_c.a(errno.o)
 .debug_line    0x00007a09      0x149 C:/NXP/MCUXpressoIDE_11.10.0_3148/ide/plugins/com.nxp.mcuxpresso.tools.win32_11.10.0.202311280810/tools/bin/../lib/gcc/arm-none-eabi/13.2.1/../../../../arm-none-eabi/lib/thumb/v8-m.main/nofp\libcr_c.a(initio.o)
 .debug_line    0x00007b52       0xec C:/NXP/MCUXpressoIDE_11.10.0_3148/ide/plugins/com.nxp.mcuxpresso.tools.win32_11.10.0.202311280810/tools/bin/../lib/gcc/arm-none-eabi/13.2.1/../../../../arm-none-eabi/lib/thumb/v8-m.main/nofp\libcr_c.a(setvbuf.o)
 .debug_line    0x00007c3e      0x109 C:/NXP/MCUXpressoIDE_11.10.0_3148/ide/plugins/com.nxp.mcuxpresso.tools.win32_11.10.0.202311280810/tools/bin/../lib/gcc/arm-none-eabi/13.2.1/../../../../arm-none-eabi/lib/thumb/v8-m.main/nofp\libcr_c.a(strlen.o)
 .debug_line    0x00007d47      0x2e9 C:/NXP/MCUXpressoIDE_11.10.0_3148/ide/plugins/com.nxp.mcuxpresso.tools.win32_11.10.0.202311280810/tools/bin/../lib/gcc/arm-none-eabi/13.2.1/../../../../arm-none-eabi/lib/thumb/v8-m.main/nofp\libcr_c.a(_deferredlazyseek.o)
 .debug_line    0x00008030      0x11c C:/NXP/MCUXpressoIDE_11.10.0_3148/ide/plugins/com.nxp.mcuxpresso.tools.win32_11.10.0.202311280810/tools/bin/../lib/gcc/arm-none-eabi/13.2.1/../../../../arm-none-eabi/lib/thumb/v8-m.main/nofp\libcr_c.a(_fdopen.o)
 .debug_line    0x0000814c      0x11f C:/NXP/MCUXpressoIDE_11.10.0_3148/ide/plugins/com.nxp.mcuxpresso.tools.win32_11.10.0.202311280810/tools/bin/../lib/gcc/arm-none-eabi/13.2.1/../../../../arm-none-eabi/lib/thumb/v8-m.main/nofp\libcr_c.a(_fflush.o)
 .debug_line    0x0000826b      0x12d C:/NXP/MCUXpressoIDE_11.10.0_3148/ide/plugins/com.nxp.mcuxpresso.tools.win32_11.10.0.202311280810/tools/bin/../lib/gcc/arm-none-eabi/13.2.1/../../../../arm-none-eabi/lib/thumb/v8-m.main/nofp\libcr_c.a(_writebuf.o)
 .debug_line    0x00008398      0x10f C:/NXP/MCUXpressoIDE_11.10.0_3148/ide/plugins/com.nxp.mcuxpresso.tools.win32_11.10.0.202311280810/tools/bin/../lib/gcc/arm-none-eabi/13.2.1/../../../../arm-none-eabi/lib/thumb/v8-m.main/nofp\libcr_c.a(fclose.o)
 .debug_line    0x000084a7       0xe1 C:/NXP/MCUXpressoIDE_11.10.0_3148/ide/plugins/com.nxp.mcuxpresso.tools.win32_11.10.0.202311280810/tools/bin/../lib/gcc/arm-none-eabi/13.2.1/../../../../arm-none-eabi/lib/thumb/v8-m.main/nofp\libcr_c.a(fflush.o)
 .debug_line    0x00008588      0x232 C:/NXP/MCUXpressoIDE_11.10.0_3148/ide/plugins/com.nxp.mcuxpresso.tools.win32_11.10.0.202311280810/tools/bin/../lib/gcc/arm-none-eabi/13.2.1/../../../../arm-none-eabi/lib/thumb/v8-m.main/nofp\libcr_c.a(fseek.o)
 .debug_line    0x000087ba      0x10a C:/NXP/MCUXpressoIDE_11.10.0_3148/ide/plugins/com.nxp.mcuxpresso.tools.win32_11.10.0.202311280810/tools/bin/../lib/gcc/arm-none-eabi/13.2.1/../../../../arm-none-eabi/lib/thumb/v8-m.main/nofp\libcr_c.a(ftell.o)
 .debug_line    0x000088c4       0xec C:/NXP/MCUXpressoIDE_11.10.0_3148/ide/plugins/com.nxp.mcuxpresso.tools.win32_11.10.0.202311280810/tools/bin/../lib/gcc/arm-none-eabi/13.2.1/../../../../arm-none-eabi/lib/thumb/v8-m.main/nofp\libcr_c.a(remove.o)
 .debug_line    0x000089b0       0xfc C:/NXP/MCUXpressoIDE_11.10.0_3148/ide/plugins/com.nxp.mcuxpresso.tools.win32_11.10.0.202311280810/tools/bin/../lib/gcc/arm-none-eabi/13.2.1/../../../../arm-none-eabi/lib/thumb/v8-m.main/nofp\libcr_c.a(_do_fflush.o)
 .debug_line    0x00008aac       0xea C:/NXP/MCUXpressoIDE_11.10.0_3148/ide/plugins/com.nxp.mcuxpresso.tools.win32_11.10.0.202311280810/tools/bin/../lib/gcc/arm-none-eabi/13.2.1/../../../../arm-none-eabi/lib/thumb/v8-m.main/nofp\libcr_nohost_nf.a(__ciob.o)