C:\Dev\NXP\Training\workspace\frdmmcxa153_ctimer_pwm_example\CMSIS/core_cm33.h:2390:22:__NVIC_EnableIRQ	16	static
C:\Dev\NXP\Training\workspace\frdmmcxa153_ctimer_pwm_example\CMSIS/core_cm33.h:2428:22:__NVIC_DisableIRQ	16	static
../drivers/fsl_clock.h:546:20:CLOCK_EnableClock	32	static
../drivers/fsl_clock.h:579:20:CLOCK_DisableClock	32	static
../drivers/fsl_common_arm.h:570:24:EnableIRQ	24	static
../drivers/fsl_common_arm.h:614:24:DisableIRQ	24	static
../drivers/fsl_ctimer.h:468:24:CTIMER_GetStatusFlags	16	static
../drivers/fsl_ctimer.h:480:20:CTIMER_ClearStatusFlags	16	static
../drivers/fsl_ctimer.c:71:17:CTIMER_GetInstance	24	static
../drivers/fsl_ctimer.c:98:6:CTIMER_Init	16	static
../drivers/fsl_ctimer.c:127:6:CTIMER_Deinit	24	static
../drivers/fsl_ctimer.c:153:6:CTIMER_GetDefaultConfig	16	static
../drivers/fsl_ctimer.c:190:10:CTIMER_SetupPwm	40	static
../drivers/fsl_ctimer.c:280:10:CTIMER_SetupPwmPeriod	32	static
../drivers/fsl_ctimer.c:347:6:CTIMER_UpdatePwmDutycycle	24	static
../drivers/fsl_ctimer.c:380:6:CTIMER_SetupMatch	32	static
../drivers/fsl_ctimer.c:433:10:CTIMER_GetOutputMatchStatus	16	static
../drivers/fsl_ctimer.c:448:6:CTIMER_SetupCapture	24	static
../drivers/fsl_ctimer.c:480:6:CTIMER_RegisterCallBack	32	static
../drivers/fsl_ctimer.c:492:13:CTIMER_GenericIRQHandler	32	static
../drivers/fsl_ctimer.c:536:6:CTIMER0_DriverIRQHandler	8	static
../drivers/fsl_ctimer.c:545:6:CTIMER1_DriverIRQHandler	8	static
../drivers/fsl_ctimer.c:554:6:CTIMER2_DriverIRQHandler	8	static
