C:\Dev\NXP\Training\workspace\frdmmcxa153_ctimer_pwm_example\CMSIS/core_cm33.h:2390:22:__NVIC_EnableIRQ	16	static
../drivers/fsl_clock.h:546:20:CLOCK_EnableClock	32	static
../drivers/fsl_clock.h:579:20:CLOCK_DisableClock	32	static
../drivers/fsl_reset.h:196:20:RESET_ReleasePeripheralReset	16	static
../drivers/fsl_common_arm.h:570:24:EnableIRQ	24	static
../drivers/fsl_common_arm.h:788:24:DisableGlobalIRQ	16	static
../drivers/fsl_common_arm.h:814:20:EnableGlobalIRQ	24	static
../drivers/fsl_lpuart.h:370:20:LPUART_SoftwareReset	16	static
../drivers/fsl_lpuart.c:192:10:LPUART_GetInstance	24	static
../drivers/fsl_lpuart.c:227:8:LPUART_TransferGetRxRingBufferLength	32	static
../drivers/fsl_lpuart.c:248:13:LPUART_TransferIsRxRingBufferFull	24	static
../drivers/fsl_lpuart.c:265:13:LPUART_WriteNonBlocking	32	static
../drivers/fsl_lpuart.c:278:13:LPUART_WriteNonBlocking16bit	32	static
../drivers/fsl_lpuart.c:292:13:LPUART_ReadNonBlocking	40	static
../drivers/fsl_lpuart.c:322:13:LPUART_ReadNonBlocking16bit	32	static
../drivers/fsl_lpuart.c:359:10:LPUART_Init	56	static
../drivers/fsl_lpuart.c:587:6:LPUART_Deinit	24	static
../drivers/fsl_lpuart.c:651:6:LPUART_GetDefaultConfig	16	static
../drivers/fsl_lpuart.c:696:10:LPUART_SetBaudRate	56	static
../drivers/fsl_lpuart.c:796:6:LPUART_Enable9bitMode	24	static
../drivers/fsl_lpuart.c:830:6:LPUART_SendAddress	24	static
../drivers/fsl_lpuart.c:852:6:LPUART_EnableInterrupts	24	static
../drivers/fsl_lpuart.c:904:6:LPUART_DisableInterrupts	24	static
../drivers/fsl_lpuart.c:962:10:LPUART_GetEnabledInterrupts	24	static
../drivers/fsl_lpuart.c:1000:10:LPUART_GetStatusFlags	24	static
../drivers/fsl_lpuart.c:1033:10:LPUART_ClearStatusFlags	24	static
../drivers/fsl_lpuart.c:1083:10:LPUART_WriteBlocking	32	static
../drivers/fsl_lpuart.c:1143:10:LPUART_WriteBlocking16bit	32	static
../drivers/fsl_lpuart.c:1208:10:LPUART_ReadBlocking	48	static
../drivers/fsl_lpuart.c:1339:10:LPUART_ReadBlocking16bit	40	static
../drivers/fsl_lpuart.c:1454:6:LPUART_TransferCreateHandle	40	static
../drivers/fsl_lpuart.c:1520:6:LPUART_TransferStartRingBuffer	32	static
../drivers/fsl_lpuart.c:1556:6:LPUART_TransferStopRingBuffer	24	static
../drivers/fsl_lpuart.c:1594:10:LPUART_TransferSendNonBlocking	32	static
../drivers/fsl_lpuart.c:1644:6:LPUART_TransferAbortSend	24	static
../drivers/fsl_lpuart.c:1669:10:LPUART_TransferGetSendCount	32	static
../drivers/fsl_lpuart.c:1727:10:LPUART_TransferReceiveNonBlocking	56	static
../drivers/fsl_lpuart.c:1888:6:LPUART_TransferAbortReceive	24	static
../drivers/fsl_lpuart.c:1919:10:LPUART_TransferGetReceiveCount	32	static
../drivers/fsl_lpuart.c:1939:13:LPUART_TransferHandleIDLEReady	32	static
../drivers/fsl_lpuart.c:1999:13:LPUART_TransferHandleReceiveDataFull	40	static
../drivers/fsl_lpuart.c:2134:13:LPUART_TransferHandleSendDataEmpty	24	static
../drivers/fsl_lpuart.c:2182:13:LPUART_TransferHandleTransmissionComplete	32	static
../drivers/fsl_lpuart.c:2210:6:LPUART_TransferHandleIRQ	40	static
../drivers/fsl_lpuart.c:2268:6:LPUART_TransferHandleErrorIRQ	16	static
../drivers/fsl_lpuart.c:2337:6:LPUART0_DriverIRQHandler	8	static
../drivers/fsl_lpuart.c:2363:6:LPUART1_DriverIRQHandler	8	static
../drivers/fsl_lpuart.c:2388:6:LPUART2_DriverIRQHandler	8	static
