../drivers/fsl_clock.h:546:20:CLOCK_EnableClock	32	static
../drivers/fsl_clock.c:46:20:CLOCK_IsDivHalt	16	static
../drivers/fsl_clock.c:68:6:CLOCK_AttachClk	24	static
../drivers/fsl_clock.c:87:19:CLOCK_GetClockAttachId	32	static
../drivers/fsl_clock.c:105:6:CLOCK_SetClockSelect	24	static
../drivers/fsl_clock.c:130:10:CLOCK_GetClockSelect	24	static
../drivers/fsl_clock.c:149:6:CLOCK_SetClockDiv	24	static
../drivers/fsl_clock.c:174:10:CLOCK_GetClockDiv	24	static
../drivers/fsl_clock.c:190:6:CLOCK_HaltClockDiv	24	static
../drivers/fsl_clock.c:205:10:CLOCK_SetupFROHFClocking	24	static
../drivers/fsl_clock.c:257:10:CLOCK_SetupFRO12MClocking	4	static
../drivers/fsl_clock.c:281:10:CLOCK_SetupFRO16KClocking	16	static
../drivers/fsl_clock.c:297:10:CLOCK_SetupExtClocking	24	static
../drivers/fsl_clock.c:355:10:CLOCK_SetupExtRefClocking	16	static
../drivers/fsl_clock.c:395:10:CLOCK_GetFreq	24	static
../drivers/fsl_clock.c:454:17:CLOCK_GetFro12MFreq	4	static
../drivers/fsl_clock.c:463:17:CLOCK_GetClk1MFreq	4	static
../drivers/fsl_clock.c:472:17:CLOCK_GetFroHfFreq	16	static
../drivers/fsl_clock.c:520:17:CLOCK_GetClk48MFreq	4	static
../drivers/fsl_clock.c:531:17:CLOCK_GetFRO16KFreq	4	static
../drivers/fsl_clock.c:539:17:CLOCK_GetClk16KFreq	16	static
../drivers/fsl_clock.c:551:17:CLOCK_GetExtClkFreq	4	static
../drivers/fsl_clock.c:560:10:CLOCK_GetMainClk	16	static
../drivers/fsl_clock.c:589:10:CLOCK_GetCoreSysClkFreq	8	static
../drivers/fsl_clock.c:598:10:CLOCK_GetI3CFClkFreq	24	static
../drivers/fsl_clock.c:635:10:CLOCK_GetCTimerClkFreq	32	static
../drivers/fsl_clock.c:677:10:CLOCK_GetLpi2cClkFreq	24	static
../drivers/fsl_clock.c:713:10:CLOCK_GetLpspiClkFreq	32	static
../drivers/fsl_clock.c:749:10:CLOCK_GetLpuartClkFreq	32	static
../drivers/fsl_clock.c:790:10:CLOCK_GetLptmrClkFreq	24	static
../drivers/fsl_clock.c:826:10:CLOCK_GetOstimerClkFreq	16	static
../drivers/fsl_clock.c:850:10:CLOCK_GetAdcClkFreq	24	static
../drivers/fsl_clock.c:886:10:CLOCK_GetCmpFClkFreq	32	static
../drivers/fsl_clock.c:922:10:CLOCK_GetCmpRRClkFreq	32	static
../drivers/fsl_clock.c:958:10:CLOCK_GetTraceClkFreq	24	static
../drivers/fsl_clock.c:991:10:CLOCK_GetClkoutClkFreq	24	static
../drivers/fsl_clock.c:1030:10:CLOCK_GetSystickClkFreq	24	static
../drivers/fsl_clock.c:1063:10:CLOCK_GetWwdtClkFreq	16	static
../drivers/fsl_clock.c:1083:10:CLOCK_FROHFTrimConfig	16	static
../drivers/fsl_clock.c:1108:10:CLOCK_FRO12MTrimConfig	16	static
../drivers/fsl_clock.c:1137:6:CLOCK_SetSysOscMonitorMode	24	static
../drivers/fsl_clock.c:1151:6:CLOCK_EnableUsbfsClock	8	static
