../startup/startup_mcxa153.c:371:6:data_init	4	static
../startup/startup_mcxa153.c:380:6:bss_init	0	static
../startup/startup_mcxa153.c:405:6:ResetISR	0	static
../startup/startup_mcxa153.c:491:14:NMI_Handler	0	static
../startup/startup_mcxa153.c:495:14:HardFault_Handler	0	static
../startup/startup_mcxa153.c:499:14:MemManage_Handler	0	static
../startup/startup_mcxa153.c:503:14:BusFault_Handler	0	static
../startup/startup_mcxa153.c:507:14:UsageFault_Handler	0	static
../startup/startup_mcxa153.c:511:14:SecureFault_Handler	0	static
../startup/startup_mcxa153.c:515:14:SVC_Handler	0	static
../startup/startup_mcxa153.c:519:14:DebugMon_Handler	0	static
../startup/startup_mcxa153.c:523:14:PendSV_Handler	0	static
../startup/startup_mcxa153.c:527:14:SysTick_Handler	0	static
../startup/startup_mcxa153.c:535:14:IntDefaultHandler	0	static
../startup/startup_mcxa153.c:545:11:Reserved16_IRQHandler	8	static
../startup/startup_mcxa153.c:549:11:CMC_IRQHandler	8	static
../startup/startup_mcxa153.c:553:11:DMA_CH0_IRQHandler	8	static
../startup/startup_mcxa153.c:557:11:DMA_CH1_IRQHandler	8	static
../startup/startup_mcxa153.c:561:11:DMA_CH2_IRQHandler	8	static
../startup/startup_mcxa153.c:565:11:DMA_CH3_IRQHandler	8	static
../startup/startup_mcxa153.c:569:11:Reserved22_IRQHandler	8	static
../startup/startup_mcxa153.c:573:11:Reserved23_IRQHandler	8	static
../startup/startup_mcxa153.c:577:11:Reserved24_IRQHandler	8	static
../startup/startup_mcxa153.c:581:11:Reserved25_IRQHandler	8	static
../startup/startup_mcxa153.c:585:11:ERM0_SINGLE_BIT_IRQHandler	8	static
../startup/startup_mcxa153.c:589:11:ERM0_MULTI_BIT_IRQHandler	8	static
../startup/startup_mcxa153.c:593:11:FMU0_IRQHandler	8	static
../startup/startup_mcxa153.c:597:11:GLIKEY0_IRQHandler	8	static
../startup/startup_mcxa153.c:601:11:MBC0_IRQHandler	8	static
../startup/startup_mcxa153.c:605:11:SCG0_IRQHandler	8	static
../startup/startup_mcxa153.c:609:11:SPC0_IRQHandler	8	static
../startup/startup_mcxa153.c:613:11:Reserved33_IRQHandler	8	static
../startup/startup_mcxa153.c:617:11:WUU0_IRQHandler	8	static
../startup/startup_mcxa153.c:621:11:Reserved35_IRQHandler	8	static
../startup/startup_mcxa153.c:625:11:Reserved36_IRQHandler	8	static
../startup/startup_mcxa153.c:629:11:Reserved37_IRQHandler	8	static
../startup/startup_mcxa153.c:633:11:Reserved38_IRQHandler	8	static
../startup/startup_mcxa153.c:637:11:Reserved39_IRQHandler	8	static
../startup/startup_mcxa153.c:641:11:I3C0_IRQHandler	8	static
../startup/startup_mcxa153.c:645:11:Reserved41_IRQHandler	8	static
../startup/startup_mcxa153.c:649:11:LPI2C0_IRQHandler	8	static
../startup/startup_mcxa153.c:653:11:Reserved43_IRQHandler	8	static
../startup/startup_mcxa153.c:657:11:LPSPI0_IRQHandler	8	static
../startup/startup_mcxa153.c:661:11:LPSPI1_IRQHandler	8	static
../startup/startup_mcxa153.c:665:11:Reserved46_IRQHandler	8	static
../startup/startup_mcxa153.c:669:11:LPUART0_IRQHandler	8	static
../startup/startup_mcxa153.c:673:11:LPUART1_IRQHandler	8	static
../startup/startup_mcxa153.c:677:11:LPUART2_IRQHandler	8	static
../startup/startup_mcxa153.c:681:11:Reserved50_IRQHandler	8	static
../startup/startup_mcxa153.c:685:11:Reserved51_IRQHandler	8	static
../startup/startup_mcxa153.c:689:11:USB0_IRQHandler	8	static
../startup/startup_mcxa153.c:693:11:Reserved53_IRQHandler	8	static
../startup/startup_mcxa153.c:697:11:CDOG0_IRQHandler	8	static
../startup/startup_mcxa153.c:701:11:CTIMER0_IRQHandler	8	static
../startup/startup_mcxa153.c:705:11:CTIMER1_IRQHandler	8	static
../startup/startup_mcxa153.c:709:11:CTIMER2_IRQHandler	8	static
../startup/startup_mcxa153.c:713:11:Reserved58_IRQHandler	8	static
../startup/startup_mcxa153.c:717:11:Reserved59_IRQHandler	8	static
../startup/startup_mcxa153.c:721:11:FLEXPWM0_RELOAD_ERROR_IRQHandler	8	static
../startup/startup_mcxa153.c:725:11:FLEXPWM0_FAULT_IRQHandler	8	static
../startup/startup_mcxa153.c:729:11:FLEXPWM0_SUBMODULE0_IRQHandler	8	static
../startup/startup_mcxa153.c:733:11:FLEXPWM0_SUBMODULE1_IRQHandler	8	static
../startup/startup_mcxa153.c:737:11:FLEXPWM0_SUBMODULE2_IRQHandler	8	static
../startup/startup_mcxa153.c:741:11:Reserved65_IRQHandler	8	static
../startup/startup_mcxa153.c:745:11:QDC0_COMPARE_IRQHandler	8	static
../startup/startup_mcxa153.c:749:11:QDC0_HOME_IRQHandler	8	static
../startup/startup_mcxa153.c:753:11:QDC0_WATCHDOG_IRQHandler	8	static
../startup/startup_mcxa153.c:757:11:QDC0_INDEX_IRQHandler	8	static
../startup/startup_mcxa153.c:761:11:FREQME0_IRQHandler	8	static
../startup/startup_mcxa153.c:765:11:LPTMR0_IRQHandler	8	static
../startup/startup_mcxa153.c:769:11:Reserved72_IRQHandler	8	static
../startup/startup_mcxa153.c:773:11:OS_EVENT_IRQHandler	8	static
../startup/startup_mcxa153.c:777:11:WAKETIMER0_IRQHandler	8	static
../startup/startup_mcxa153.c:781:11:UTICK0_IRQHandler	8	static
../startup/startup_mcxa153.c:785:11:WWDT0_IRQHandler	8	static
../startup/startup_mcxa153.c:789:11:Reserved77_IRQHandler	8	static
../startup/startup_mcxa153.c:793:11:ADC0_IRQHandler	8	static
../startup/startup_mcxa153.c:797:11:Reserved79_IRQHandler	8	static
../startup/startup_mcxa153.c:801:11:CMP0_IRQHandler	8	static
../startup/startup_mcxa153.c:805:11:CMP1_IRQHandler	8	static
../startup/startup_mcxa153.c:809:11:Reserved82_IRQHandler	8	static
../startup/startup_mcxa153.c:813:11:Reserved83_IRQHandler	8	static
../startup/startup_mcxa153.c:817:11:Reserved84_IRQHandler	8	static
../startup/startup_mcxa153.c:821:11:Reserved85_IRQHandler	8	static
../startup/startup_mcxa153.c:825:11:Reserved86_IRQHandler	8	static
../startup/startup_mcxa153.c:829:11:GPIO0_IRQHandler	8	static
../startup/startup_mcxa153.c:833:11:GPIO1_IRQHandler	8	static
../startup/startup_mcxa153.c:837:11:GPIO2_IRQHandler	8	static
../startup/startup_mcxa153.c:841:11:GPIO3_IRQHandler	8	static
